Archive member included to satisfy reference by file (symbol)

c:/users/admin/downloads/programs/readylib/dev/arm/gcc-arm-none-eabi-10-2020-q4-major/bin/../lib/gcc/arm-none-eabi/10.2.1/../../../../arm-none-eabi/lib/thumb/v7-m/nofp\libc.a(lib_a-memcpy.o)
                              rtos/queue.o (memcpy)
C:/Users/Admin/Downloads/Programs/ReadyLib/dev/stm/stm32f103c8t6/libopencm3/lib\libopencm3_stm32f1.a(gpio.o)
                              C:/Users/Admin/Downloads/Programs/ReadySTM/app/code/readyapp/src/manager/GMiniBlink.o (gpio_set_mode)
C:/Users/Admin/Downloads/Programs/ReadyLib/dev/stm/stm32f103c8t6/libopencm3/lib\libopencm3_stm32f1.a(gpio_common_all.o)
                              C:/Users/Admin/Downloads/Programs/ReadySTM/app/code/readyapp/src/manager/GMiniBlink.o (gpio_toggle)
C:/Users/Admin/Downloads/Programs/ReadyLib/dev/stm/stm32f103c8t6/libopencm3/lib\libopencm3_stm32f1.a(rcc.o)
                              C:/Users/Admin/Downloads/Programs/ReadySTM/app/code/readyapp/src/manager/GMiniBlink.o (rcc_clock_setup_in_hse_8mhz_out_72mhz)
C:/Users/Admin/Downloads/Programs/ReadyLib/dev/stm/stm32f103c8t6/libopencm3/lib\libopencm3_stm32f1.a(rcc_common_all.o)
                              C:/Users/Admin/Downloads/Programs/ReadySTM/app/code/readyapp/src/manager/GMiniBlink.o (rcc_periph_clock_enable)
C:/Users/Admin/Downloads/Programs/ReadyLib/dev/stm/stm32f103c8t6/libopencm3/lib\libopencm3_stm32f1.a(vector.o)
                              (reset_handler)
C:/Users/Admin/Downloads/Programs/ReadyLib/dev/stm/stm32f103c8t6/libopencm3/lib\libopencm3_stm32f1.a(assert.o)
                              C:/Users/Admin/Downloads/Programs/ReadyLib/dev/stm/stm32f103c8t6/libopencm3/lib\libopencm3_stm32f1.a(rcc.o) (cm3_assert_failed)
C:/Users/Admin/Downloads/Programs/ReadyLib/dev/stm/stm32f103c8t6/libopencm3/lib\libopencm3_stm32f1.a(flash_common_all.o)
                              C:/Users/Admin/Downloads/Programs/ReadyLib/dev/stm/stm32f103c8t6/libopencm3/lib\libopencm3_stm32f1.a(rcc.o) (flash_set_ws)

Discarded input sections

 .text          0x00000000        0x0 main.o
 .data          0x00000000        0x0 main.o
 .bss           0x00000000        0x0 main.o
 .text.vApplicationStackOverflowHook
                0x00000000        0x2 main.o
 .text          0x00000000        0x0 rtos/heap_4.o
 .data          0x00000000        0x0 rtos/heap_4.o
 .bss           0x00000000        0x0 rtos/heap_4.o
 .text.xPortGetFreeHeapSize
                0x00000000        0xc rtos/heap_4.o
 .text.xPortGetMinimumEverFreeHeapSize
                0x00000000        0xc rtos/heap_4.o
 .text.vPortInitialiseBlocks
                0x00000000        0x2 rtos/heap_4.o
 .text          0x00000000        0x0 rtos/list.o
 .data          0x00000000        0x0 rtos/list.o
 .bss           0x00000000        0x0 rtos/list.o
 .text.vListInsert
                0x00000000       0x2e rtos/list.o
 .text          0x00000000        0x0 rtos/port.o
 .data          0x00000000        0x0 rtos/port.o
 .bss           0x00000000        0x0 rtos/port.o
 .text.vPortEndScheduler
                0x00000000        0x2 rtos/port.o
 .text          0x00000000        0x0 rtos/queue.o
 .data          0x00000000        0x0 rtos/queue.o
 .bss           0x00000000        0x0 rtos/queue.o
 .text.prvIsQueueEmpty
                0x00000000       0x16 rtos/queue.o
 .text.prvCopyDataToQueue
                0x00000000       0x6a rtos/queue.o
 .text.prvCopyDataFromQueue
                0x00000000       0x28 rtos/queue.o
 .text.prvUnlockQueue
                0x00000000       0x70 rtos/queue.o
 .text.xQueueGenericReset
                0x00000000       0x6a rtos/queue.o
 .text.xQueueGenericCreate
                0x00000000       0x2e rtos/queue.o
 .text.xQueueGenericSend
                0x00000000      0x104 rtos/queue.o
 .text.xQueueCreateMutex
                0x00000000       0x24 rtos/queue.o
 .text.xQueueGenericSendFromISR
                0x00000000       0x68 rtos/queue.o
 .text.xQueueGiveFromISR
                0x00000000       0x5c rtos/queue.o
 .text.xQueueReceive
                0x00000000       0xee rtos/queue.o
 .text.xQueueSemaphoreTake
                0x00000000      0x126 rtos/queue.o
 .text.xQueuePeek
                0x00000000       0xee rtos/queue.o
 .text.xQueueReceiveFromISR
                0x00000000       0x68 rtos/queue.o
 .text.xQueuePeekFromISR
                0x00000000       0x30 rtos/queue.o
 .text.uxQueueMessagesWaiting
                0x00000000       0x12 rtos/queue.o
 .text.uxQueueSpacesAvailable
                0x00000000       0x16 rtos/queue.o
 .text.uxQueueMessagesWaitingFromISR
                0x00000000        0x4 rtos/queue.o
 .text.vQueueDelete
                0x00000000        0x4 rtos/queue.o
 .text.xQueueIsQueueEmptyFromISR
                0x00000000        0xa rtos/queue.o
 .text.xQueueIsQueueFullFromISR
                0x00000000        0xc rtos/queue.o
 .debug_info    0x00000000     0x18a6 rtos/queue.o
 .debug_abbrev  0x00000000      0x339 rtos/queue.o
 .debug_loc     0x00000000     0x1270 rtos/queue.o
 .debug_aranges
                0x00000000       0xc0 rtos/queue.o
 .debug_ranges  0x00000000      0x250 rtos/queue.o
 .debug_line    0x00000000      0xefb rtos/queue.o
 .debug_str     0x00000000      0x8b5 rtos/queue.o
 .comment       0x00000000       0x4e rtos/queue.o
 .debug_frame   0x00000000      0x26c rtos/queue.o
 .ARM.attributes
                0x00000000       0x2d rtos/queue.o
 .text          0x00000000        0x0 rtos/tasks.o
 .data          0x00000000        0x0 rtos/tasks.o
 .bss           0x00000000        0x0 rtos/tasks.o
 .text.prvAddCurrentTaskToDelayedList
                0x00000000       0x88 rtos/tasks.o
 .text.vTaskDelete
                0x00000000       0xbc rtos/tasks.o
 .text.uxTaskPriorityGet
                0x00000000       0x1c rtos/tasks.o
 .text.uxTaskPriorityGetFromISR
                0x00000000       0x28 rtos/tasks.o
 .text.vTaskPrioritySet
                0x00000000       0xc8 rtos/tasks.o
 .text.vTaskResume
                0x00000000       0x88 rtos/tasks.o
 .text.xTaskResumeFromISR
                0x00000000       0x90 rtos/tasks.o
 .text.vTaskEndScheduler
                0x00000000       0x20 rtos/tasks.o
 .text.xTaskGetTickCount
                0x00000000        0xc rtos/tasks.o
 .text.xTaskGetTickCountFromISR
                0x00000000        0xc rtos/tasks.o
 .text.uxTaskGetNumberOfTasks
                0x00000000        0xc rtos/tasks.o
 .text.pcTaskGetName
                0x00000000       0x10 rtos/tasks.o
 .text.vTaskDelayUntil
                0x00000000       0x4c rtos/tasks.o
 .text.vTaskDelay
                0x00000000       0x2e rtos/tasks.o
 .text.vTaskSuspend
                0x00000000       0xbc rtos/tasks.o
 .text.vTaskPlaceOnEventList
                0x00000000       0x20 rtos/tasks.o
 .text.vTaskPlaceOnUnorderedEventList
                0x00000000       0x28 rtos/tasks.o
 .text.xTaskRemoveFromEventList
                0x00000000       0x70 rtos/tasks.o
 .text.vTaskRemoveFromUnorderedEventList
                0x00000000       0x58 rtos/tasks.o
 .text.vTaskSetTimeOutState
                0x00000000       0x24 rtos/tasks.o
 .text.vTaskInternalSetTimeOutState
                0x00000000       0x18 rtos/tasks.o
 .text.xTaskCheckForTimeOut
                0x00000000       0x50 rtos/tasks.o
 .text.vTaskMissedYield
                0x00000000        0xc rtos/tasks.o
 .text.xTaskGetCurrentTaskHandle
                0x00000000        0xc rtos/tasks.o
 .text.xTaskPriorityInherit
                0x00000000       0xa4 rtos/tasks.o
 .text.xTaskPriorityDisinherit
                0x00000000       0x70 rtos/tasks.o
 .text.vTaskPriorityDisinheritAfterTimeout
                0x00000000       0x7c rtos/tasks.o
 .text.uxTaskResetEventItemValue
                0x00000000       0x18 rtos/tasks.o
 .text.pvTaskIncrementMutexHeldCount
                0x00000000       0x18 rtos/tasks.o
 .text.ulTaskNotifyTake
                0x00000000       0x64 rtos/tasks.o
 .text.xTaskNotifyWait
                0x00000000       0x88 rtos/tasks.o
 .text.xTaskGenericNotify
                0x00000000       0xa4 rtos/tasks.o
 .text.xTaskGenericNotifyFromISR
                0x00000000       0xc4 rtos/tasks.o
 .text.vTaskNotifyGiveFromISR
                0x00000000       0xa0 rtos/tasks.o
 .text.xTaskNotifyStateClear
                0x00000000       0x2c rtos/tasks.o
 .text          0x00000000        0x0 rtos/opencm3.o
 .data          0x00000000        0x0 rtos/opencm3.o
 .bss           0x00000000        0x0 rtos/opencm3.o
 .text          0x00000000        0x0 C:/Users/Admin/Downloads/Programs/ReadySTM/app/code/readyapp/src/manager/GMiniBlink.o
 .data          0x00000000        0x0 C:/Users/Admin/Downloads/Programs/ReadySTM/app/code/readyapp/src/manager/GMiniBlink.o
 .bss           0x00000000        0x0 C:/Users/Admin/Downloads/Programs/ReadySTM/app/code/readyapp/src/manager/GMiniBlink.o
 .text          0x00000000        0x0 C:/Users/Admin/Downloads/Programs/ReadySTM/app/code/readyapp/src/manager/GProcess.o
 .data          0x00000000        0x0 C:/Users/Admin/Downloads/Programs/ReadySTM/app/code/readyapp/src/manager/GProcess.o
 .bss           0x00000000        0x0 C:/Users/Admin/Downloads/Programs/ReadySTM/app/code/readyapp/src/manager/GProcess.o
 .text          0x00000000       0xec c:/users/admin/downloads/programs/readylib/dev/arm/gcc-arm-none-eabi-10-2020-q4-major/bin/../lib/gcc/arm-none-eabi/10.2.1/../../../../arm-none-eabi/lib/thumb/v7-m/nofp\libc.a(lib_a-memcpy.o)
 .data          0x00000000        0x0 c:/users/admin/downloads/programs/readylib/dev/arm/gcc-arm-none-eabi-10-2020-q4-major/bin/../lib/gcc/arm-none-eabi/10.2.1/../../../../arm-none-eabi/lib/thumb/v7-m/nofp\libc.a(lib_a-memcpy.o)
 .bss           0x00000000        0x0 c:/users/admin/downloads/programs/readylib/dev/arm/gcc-arm-none-eabi-10-2020-q4-major/bin/../lib/gcc/arm-none-eabi/10.2.1/../../../../arm-none-eabi/lib/thumb/v7-m/nofp\libc.a(lib_a-memcpy.o)
 .ARM.attributes
                0x00000000       0x1b c:/users/admin/downloads/programs/readylib/dev/arm/gcc-arm-none-eabi-10-2020-q4-major/bin/../lib/gcc/arm-none-eabi/10.2.1/../../../../arm-none-eabi/lib/thumb/v7-m/nofp\libc.a(lib_a-memcpy.o)
 .group         0x00000000        0xc C:/Users/Admin/Downloads/Programs/ReadyLib/dev/stm/stm32f103c8t6/libopencm3/lib\libopencm3_stm32f1.a(gpio.o)
 .group         0x00000000        0xc C:/Users/Admin/Downloads/Programs/ReadyLib/dev/stm/stm32f103c8t6/libopencm3/lib\libopencm3_stm32f1.a(gpio.o)
 .group         0x00000000        0xc C:/Users/Admin/Downloads/Programs/ReadyLib/dev/stm/stm32f103c8t6/libopencm3/lib\libopencm3_stm32f1.a(gpio.o)
 .group         0x00000000        0xc C:/Users/Admin/Downloads/Programs/ReadyLib/dev/stm/stm32f103c8t6/libopencm3/lib\libopencm3_stm32f1.a(gpio.o)
 .group         0x00000000        0xc C:/Users/Admin/Downloads/Programs/ReadyLib/dev/stm/stm32f103c8t6/libopencm3/lib\libopencm3_stm32f1.a(gpio.o)
 .group         0x00000000        0xc C:/Users/Admin/Downloads/Programs/ReadyLib/dev/stm/stm32f103c8t6/libopencm3/lib\libopencm3_stm32f1.a(gpio.o)
 .group         0x00000000        0xc C:/Users/Admin/Downloads/Programs/ReadyLib/dev/stm/stm32f103c8t6/libopencm3/lib\libopencm3_stm32f1.a(gpio.o)
 .group         0x00000000        0xc C:/Users/Admin/Downloads/Programs/ReadyLib/dev/stm/stm32f103c8t6/libopencm3/lib\libopencm3_stm32f1.a(gpio.o)
 .group         0x00000000        0xc C:/Users/Admin/Downloads/Programs/ReadyLib/dev/stm/stm32f103c8t6/libopencm3/lib\libopencm3_stm32f1.a(gpio.o)
 .group         0x00000000        0xc C:/Users/Admin/Downloads/Programs/ReadyLib/dev/stm/stm32f103c8t6/libopencm3/lib\libopencm3_stm32f1.a(gpio.o)
 .group         0x00000000        0xc C:/Users/Admin/Downloads/Programs/ReadyLib/dev/stm/stm32f103c8t6/libopencm3/lib\libopencm3_stm32f1.a(gpio.o)
 .group         0x00000000        0xc C:/Users/Admin/Downloads/Programs/ReadyLib/dev/stm/stm32f103c8t6/libopencm3/lib\libopencm3_stm32f1.a(gpio.o)
 .group         0x00000000        0xc C:/Users/Admin/Downloads/Programs/ReadyLib/dev/stm/stm32f103c8t6/libopencm3/lib\libopencm3_stm32f1.a(gpio.o)
 .group         0x00000000        0xc C:/Users/Admin/Downloads/Programs/ReadyLib/dev/stm/stm32f103c8t6/libopencm3/lib\libopencm3_stm32f1.a(gpio.o)
 .text          0x00000000        0x0 C:/Users/Admin/Downloads/Programs/ReadyLib/dev/stm/stm32f103c8t6/libopencm3/lib\libopencm3_stm32f1.a(gpio.o)
 .data          0x00000000        0x0 C:/Users/Admin/Downloads/Programs/ReadyLib/dev/stm/stm32f103c8t6/libopencm3/lib\libopencm3_stm32f1.a(gpio.o)
 .bss           0x00000000        0x0 C:/Users/Admin/Downloads/Programs/ReadyLib/dev/stm/stm32f103c8t6/libopencm3/lib\libopencm3_stm32f1.a(gpio.o)
 .text.gpio_set_eventout
                0x00000000       0x10 C:/Users/Admin/Downloads/Programs/ReadyLib/dev/stm/stm32f103c8t6/libopencm3/lib\libopencm3_stm32f1.a(gpio.o)
 .text.gpio_primary_remap
                0x00000000       0x14 C:/Users/Admin/Downloads/Programs/ReadyLib/dev/stm/stm32f103c8t6/libopencm3/lib\libopencm3_stm32f1.a(gpio.o)
 .text.gpio_secondary_remap
                0x00000000       0x10 C:/Users/Admin/Downloads/Programs/ReadyLib/dev/stm/stm32f103c8t6/libopencm3/lib\libopencm3_stm32f1.a(gpio.o)
 .group         0x00000000        0xc C:/Users/Admin/Downloads/Programs/ReadyLib/dev/stm/stm32f103c8t6/libopencm3/lib\libopencm3_stm32f1.a(gpio_common_all.o)
 .group         0x00000000        0xc C:/Users/Admin/Downloads/Programs/ReadyLib/dev/stm/stm32f103c8t6/libopencm3/lib\libopencm3_stm32f1.a(gpio_common_all.o)
 .group         0x00000000        0xc C:/Users/Admin/Downloads/Programs/ReadyLib/dev/stm/stm32f103c8t6/libopencm3/lib\libopencm3_stm32f1.a(gpio_common_all.o)
 .group         0x00000000        0xc C:/Users/Admin/Downloads/Programs/ReadyLib/dev/stm/stm32f103c8t6/libopencm3/lib\libopencm3_stm32f1.a(gpio_common_all.o)
 .group         0x00000000        0xc C:/Users/Admin/Downloads/Programs/ReadyLib/dev/stm/stm32f103c8t6/libopencm3/lib\libopencm3_stm32f1.a(gpio_common_all.o)
 .group         0x00000000        0xc C:/Users/Admin/Downloads/Programs/ReadyLib/dev/stm/stm32f103c8t6/libopencm3/lib\libopencm3_stm32f1.a(gpio_common_all.o)
 .group         0x00000000        0xc C:/Users/Admin/Downloads/Programs/ReadyLib/dev/stm/stm32f103c8t6/libopencm3/lib\libopencm3_stm32f1.a(gpio_common_all.o)
 .group         0x00000000        0xc C:/Users/Admin/Downloads/Programs/ReadyLib/dev/stm/stm32f103c8t6/libopencm3/lib\libopencm3_stm32f1.a(gpio_common_all.o)
 .group         0x00000000        0xc C:/Users/Admin/Downloads/Programs/ReadyLib/dev/stm/stm32f103c8t6/libopencm3/lib\libopencm3_stm32f1.a(gpio_common_all.o)
 .group         0x00000000        0xc C:/Users/Admin/Downloads/Programs/ReadyLib/dev/stm/stm32f103c8t6/libopencm3/lib\libopencm3_stm32f1.a(gpio_common_all.o)
 .group         0x00000000        0xc C:/Users/Admin/Downloads/Programs/ReadyLib/dev/stm/stm32f103c8t6/libopencm3/lib\libopencm3_stm32f1.a(gpio_common_all.o)
 .group         0x00000000        0xc C:/Users/Admin/Downloads/Programs/ReadyLib/dev/stm/stm32f103c8t6/libopencm3/lib\libopencm3_stm32f1.a(gpio_common_all.o)
 .group         0x00000000        0xc C:/Users/Admin/Downloads/Programs/ReadyLib/dev/stm/stm32f103c8t6/libopencm3/lib\libopencm3_stm32f1.a(gpio_common_all.o)
 .group         0x00000000        0xc C:/Users/Admin/Downloads/Programs/ReadyLib/dev/stm/stm32f103c8t6/libopencm3/lib\libopencm3_stm32f1.a(gpio_common_all.o)
 .text          0x00000000        0x0 C:/Users/Admin/Downloads/Programs/ReadyLib/dev/stm/stm32f103c8t6/libopencm3/lib\libopencm3_stm32f1.a(gpio_common_all.o)
 .data          0x00000000        0x0 C:/Users/Admin/Downloads/Programs/ReadyLib/dev/stm/stm32f103c8t6/libopencm3/lib\libopencm3_stm32f1.a(gpio_common_all.o)
 .bss           0x00000000        0x0 C:/Users/Admin/Downloads/Programs/ReadyLib/dev/stm/stm32f103c8t6/libopencm3/lib\libopencm3_stm32f1.a(gpio_common_all.o)
 .text.gpio_set
                0x00000000        0x4 C:/Users/Admin/Downloads/Programs/ReadyLib/dev/stm/stm32f103c8t6/libopencm3/lib\libopencm3_stm32f1.a(gpio_common_all.o)
 .text.gpio_clear
                0x00000000        0x6 C:/Users/Admin/Downloads/Programs/ReadyLib/dev/stm/stm32f103c8t6/libopencm3/lib\libopencm3_stm32f1.a(gpio_common_all.o)
 .text.gpio_get
                0x00000000        0x6 C:/Users/Admin/Downloads/Programs/ReadyLib/dev/stm/stm32f103c8t6/libopencm3/lib\libopencm3_stm32f1.a(gpio_common_all.o)
 .text.gpio_port_read
                0x00000000        0x6 C:/Users/Admin/Downloads/Programs/ReadyLib/dev/stm/stm32f103c8t6/libopencm3/lib\libopencm3_stm32f1.a(gpio_common_all.o)
 .text.gpio_port_write
                0x00000000        0x4 C:/Users/Admin/Downloads/Programs/ReadyLib/dev/stm/stm32f103c8t6/libopencm3/lib\libopencm3_stm32f1.a(gpio_common_all.o)
 .text.gpio_port_config_lock
                0x00000000       0x10 C:/Users/Admin/Downloads/Programs/ReadyLib/dev/stm/stm32f103c8t6/libopencm3/lib\libopencm3_stm32f1.a(gpio_common_all.o)
 .debug_macro   0x00000000      0xa60 C:/Users/Admin/Downloads/Programs/ReadyLib/dev/stm/stm32f103c8t6/libopencm3/lib\libopencm3_stm32f1.a(gpio_common_all.o)
 .debug_macro   0x00000000       0x1c C:/Users/Admin/Downloads/Programs/ReadyLib/dev/stm/stm32f103c8t6/libopencm3/lib\libopencm3_stm32f1.a(gpio_common_all.o)
 .debug_macro   0x00000000       0x22 C:/Users/Admin/Downloads/Programs/ReadyLib/dev/stm/stm32f103c8t6/libopencm3/lib\libopencm3_stm32f1.a(gpio_common_all.o)
 .debug_macro   0x00000000       0x56 C:/Users/Admin/Downloads/Programs/ReadyLib/dev/stm/stm32f103c8t6/libopencm3/lib\libopencm3_stm32f1.a(gpio_common_all.o)
 .debug_macro   0x00000000       0x51 C:/Users/Admin/Downloads/Programs/ReadyLib/dev/stm/stm32f103c8t6/libopencm3/lib\libopencm3_stm32f1.a(gpio_common_all.o)
 .debug_macro   0x00000000      0x103 C:/Users/Admin/Downloads/Programs/ReadyLib/dev/stm/stm32f103c8t6/libopencm3/lib\libopencm3_stm32f1.a(gpio_common_all.o)
 .debug_macro   0x00000000       0x6a C:/Users/Admin/Downloads/Programs/ReadyLib/dev/stm/stm32f103c8t6/libopencm3/lib\libopencm3_stm32f1.a(gpio_common_all.o)
 .debug_macro   0x00000000      0x1df C:/Users/Admin/Downloads/Programs/ReadyLib/dev/stm/stm32f103c8t6/libopencm3/lib\libopencm3_stm32f1.a(gpio_common_all.o)
 .debug_macro   0x00000000       0x22 C:/Users/Admin/Downloads/Programs/ReadyLib/dev/stm/stm32f103c8t6/libopencm3/lib\libopencm3_stm32f1.a(gpio_common_all.o)
 .debug_macro   0x00000000       0xe8 C:/Users/Admin/Downloads/Programs/ReadyLib/dev/stm/stm32f103c8t6/libopencm3/lib\libopencm3_stm32f1.a(gpio_common_all.o)
 .debug_macro   0x00000000       0x76 C:/Users/Admin/Downloads/Programs/ReadyLib/dev/stm/stm32f103c8t6/libopencm3/lib\libopencm3_stm32f1.a(gpio_common_all.o)
 .debug_macro   0x00000000      0x1b4 C:/Users/Admin/Downloads/Programs/ReadyLib/dev/stm/stm32f103c8t6/libopencm3/lib\libopencm3_stm32f1.a(gpio_common_all.o)
 .debug_macro   0x00000000       0x76 C:/Users/Admin/Downloads/Programs/ReadyLib/dev/stm/stm32f103c8t6/libopencm3/lib\libopencm3_stm32f1.a(gpio_common_all.o)
 .debug_macro   0x00000000      0xe04 C:/Users/Admin/Downloads/Programs/ReadyLib/dev/stm/stm32f103c8t6/libopencm3/lib\libopencm3_stm32f1.a(gpio_common_all.o)
 .group         0x00000000        0xc C:/Users/Admin/Downloads/Programs/ReadyLib/dev/stm/stm32f103c8t6/libopencm3/lib\libopencm3_stm32f1.a(rcc.o)
 .group         0x00000000        0xc C:/Users/Admin/Downloads/Programs/ReadyLib/dev/stm/stm32f103c8t6/libopencm3/lib\libopencm3_stm32f1.a(rcc.o)
 .group         0x00000000        0xc C:/Users/Admin/Downloads/Programs/ReadyLib/dev/stm/stm32f103c8t6/libopencm3/lib\libopencm3_stm32f1.a(rcc.o)
 .group         0x00000000        0xc C:/Users/Admin/Downloads/Programs/ReadyLib/dev/stm/stm32f103c8t6/libopencm3/lib\libopencm3_stm32f1.a(rcc.o)
 .group         0x00000000        0xc C:/Users/Admin/Downloads/Programs/ReadyLib/dev/stm/stm32f103c8t6/libopencm3/lib\libopencm3_stm32f1.a(rcc.o)
 .group         0x00000000        0xc C:/Users/Admin/Downloads/Programs/ReadyLib/dev/stm/stm32f103c8t6/libopencm3/lib\libopencm3_stm32f1.a(rcc.o)
 .group         0x00000000        0xc C:/Users/Admin/Downloads/Programs/ReadyLib/dev/stm/stm32f103c8t6/libopencm3/lib\libopencm3_stm32f1.a(rcc.o)
 .group         0x00000000        0xc C:/Users/Admin/Downloads/Programs/ReadyLib/dev/stm/stm32f103c8t6/libopencm3/lib\libopencm3_stm32f1.a(rcc.o)
 .group         0x00000000        0xc C:/Users/Admin/Downloads/Programs/ReadyLib/dev/stm/stm32f103c8t6/libopencm3/lib\libopencm3_stm32f1.a(rcc.o)
 .group         0x00000000        0xc C:/Users/Admin/Downloads/Programs/ReadyLib/dev/stm/stm32f103c8t6/libopencm3/lib\libopencm3_stm32f1.a(rcc.o)
 .group         0x00000000        0xc C:/Users/Admin/Downloads/Programs/ReadyLib/dev/stm/stm32f103c8t6/libopencm3/lib\libopencm3_stm32f1.a(rcc.o)
 .group         0x00000000        0xc C:/Users/Admin/Downloads/Programs/ReadyLib/dev/stm/stm32f103c8t6/libopencm3/lib\libopencm3_stm32f1.a(rcc.o)
 .group         0x00000000        0xc C:/Users/Admin/Downloads/Programs/ReadyLib/dev/stm/stm32f103c8t6/libopencm3/lib\libopencm3_stm32f1.a(rcc.o)
 .group         0x00000000        0xc C:/Users/Admin/Downloads/Programs/ReadyLib/dev/stm/stm32f103c8t6/libopencm3/lib\libopencm3_stm32f1.a(rcc.o)
 .group         0x00000000        0xc C:/Users/Admin/Downloads/Programs/ReadyLib/dev/stm/stm32f103c8t6/libopencm3/lib\libopencm3_stm32f1.a(rcc.o)
 .group         0x00000000        0xc C:/Users/Admin/Downloads/Programs/ReadyLib/dev/stm/stm32f103c8t6/libopencm3/lib\libopencm3_stm32f1.a(rcc.o)
 .text          0x00000000        0x0 C:/Users/Admin/Downloads/Programs/ReadyLib/dev/stm/stm32f103c8t6/libopencm3/lib\libopencm3_stm32f1.a(rcc.o)
 .data          0x00000000        0x0 C:/Users/Admin/Downloads/Programs/ReadyLib/dev/stm/stm32f103c8t6/libopencm3/lib\libopencm3_stm32f1.a(rcc.o)
 .bss           0x00000000        0x0 C:/Users/Admin/Downloads/Programs/ReadyLib/dev/stm/stm32f103c8t6/libopencm3/lib\libopencm3_stm32f1.a(rcc.o)
 .text.rcc_osc_ready_int_clear
                0x00000000       0x5c C:/Users/Admin/Downloads/Programs/ReadyLib/dev/stm/stm32f103c8t6/libopencm3/lib\libopencm3_stm32f1.a(rcc.o)
 .text.rcc_osc_ready_int_enable
                0x00000000       0x5c C:/Users/Admin/Downloads/Programs/ReadyLib/dev/stm/stm32f103c8t6/libopencm3/lib\libopencm3_stm32f1.a(rcc.o)
 .text.rcc_osc_ready_int_disable
                0x00000000       0x5c C:/Users/Admin/Downloads/Programs/ReadyLib/dev/stm/stm32f103c8t6/libopencm3/lib\libopencm3_stm32f1.a(rcc.o)
 .text.rcc_osc_ready_int_flag
                0x00000000       0x54 C:/Users/Admin/Downloads/Programs/ReadyLib/dev/stm/stm32f103c8t6/libopencm3/lib\libopencm3_stm32f1.a(rcc.o)
 .text.rcc_css_int_clear
                0x00000000       0x10 C:/Users/Admin/Downloads/Programs/ReadyLib/dev/stm/stm32f103c8t6/libopencm3/lib\libopencm3_stm32f1.a(rcc.o)
 .text.rcc_css_int_flag
                0x00000000       0x10 C:/Users/Admin/Downloads/Programs/ReadyLib/dev/stm/stm32f103c8t6/libopencm3/lib\libopencm3_stm32f1.a(rcc.o)
 .text.rcc_osc_off
                0x00000000       0x60 C:/Users/Admin/Downloads/Programs/ReadyLib/dev/stm/stm32f103c8t6/libopencm3/lib\libopencm3_stm32f1.a(rcc.o)
 .text.rcc_css_enable
                0x00000000       0x10 C:/Users/Admin/Downloads/Programs/ReadyLib/dev/stm/stm32f103c8t6/libopencm3/lib\libopencm3_stm32f1.a(rcc.o)
 .text.rcc_css_disable
                0x00000000       0x10 C:/Users/Admin/Downloads/Programs/ReadyLib/dev/stm/stm32f103c8t6/libopencm3/lib\libopencm3_stm32f1.a(rcc.o)
 .text.rcc_set_pll2_multiplication_factor
                0x00000000       0x14 C:/Users/Admin/Downloads/Programs/ReadyLib/dev/stm/stm32f103c8t6/libopencm3/lib\libopencm3_stm32f1.a(rcc.o)
 .text.rcc_set_pll3_multiplication_factor
                0x00000000       0x14 C:/Users/Admin/Downloads/Programs/ReadyLib/dev/stm/stm32f103c8t6/libopencm3/lib\libopencm3_stm32f1.a(rcc.o)
 .text.rcc_rtc_clock_enabled_flag
                0x00000000       0x10 C:/Users/Admin/Downloads/Programs/ReadyLib/dev/stm/stm32f103c8t6/libopencm3/lib\libopencm3_stm32f1.a(rcc.o)
 .text.rcc_enable_rtc_clock
                0x00000000       0x10 C:/Users/Admin/Downloads/Programs/ReadyLib/dev/stm/stm32f103c8t6/libopencm3/lib\libopencm3_stm32f1.a(rcc.o)
 .text.rcc_set_rtc_clock_source
                0x00000000       0x84 C:/Users/Admin/Downloads/Programs/ReadyLib/dev/stm/stm32f103c8t6/libopencm3/lib\libopencm3_stm32f1.a(rcc.o)
 .text.rcc_set_usbpre
                0x00000000       0x18 C:/Users/Admin/Downloads/Programs/ReadyLib/dev/stm/stm32f103c8t6/libopencm3/lib\libopencm3_stm32f1.a(rcc.o)
 .text.rcc_set_prediv1
                0x00000000       0x14 C:/Users/Admin/Downloads/Programs/ReadyLib/dev/stm/stm32f103c8t6/libopencm3/lib\libopencm3_stm32f1.a(rcc.o)
 .text.rcc_set_prediv2
                0x00000000       0x14 C:/Users/Admin/Downloads/Programs/ReadyLib/dev/stm/stm32f103c8t6/libopencm3/lib\libopencm3_stm32f1.a(rcc.o)
 .text.rcc_set_prediv1_source
                0x00000000       0x18 C:/Users/Admin/Downloads/Programs/ReadyLib/dev/stm/stm32f103c8t6/libopencm3/lib\libopencm3_stm32f1.a(rcc.o)
 .text.rcc_system_clock_source
                0x00000000       0x10 C:/Users/Admin/Downloads/Programs/ReadyLib/dev/stm/stm32f103c8t6/libopencm3/lib\libopencm3_stm32f1.a(rcc.o)
 .text.rcc_clock_setup_in_hsi_out_64mhz
                0x00000000       0x70 C:/Users/Admin/Downloads/Programs/ReadyLib/dev/stm/stm32f103c8t6/libopencm3/lib\libopencm3_stm32f1.a(rcc.o)
 .text.rcc_clock_setup_in_hsi_out_48mhz
                0x00000000       0x7c C:/Users/Admin/Downloads/Programs/ReadyLib/dev/stm/stm32f103c8t6/libopencm3/lib\libopencm3_stm32f1.a(rcc.o)
 .text.rcc_clock_setup_in_hsi_out_24mhz
                0x00000000       0x60 C:/Users/Admin/Downloads/Programs/ReadyLib/dev/stm/stm32f103c8t6/libopencm3/lib\libopencm3_stm32f1.a(rcc.o)
 .text.rcc_clock_setup_in_hse_8mhz_out_24mhz
                0x00000000       0x78 C:/Users/Admin/Downloads/Programs/ReadyLib/dev/stm/stm32f103c8t6/libopencm3/lib\libopencm3_stm32f1.a(rcc.o)
 .text.rcc_clock_setup_in_hse_12mhz_out_72mhz
                0x00000000       0x88 C:/Users/Admin/Downloads/Programs/ReadyLib/dev/stm/stm32f103c8t6/libopencm3/lib\libopencm3_stm32f1.a(rcc.o)
 .text.rcc_clock_setup_in_hse_16mhz_out_72mhz
                0x00000000       0x88 C:/Users/Admin/Downloads/Programs/ReadyLib/dev/stm/stm32f103c8t6/libopencm3/lib\libopencm3_stm32f1.a(rcc.o)
 .text.rcc_clock_setup_in_hse_25mhz_out_72mhz
                0x00000000       0xa8 C:/Users/Admin/Downloads/Programs/ReadyLib/dev/stm/stm32f103c8t6/libopencm3/lib\libopencm3_stm32f1.a(rcc.o)
 .text.rcc_clock_setup_pll
                0x00000000       0xbc C:/Users/Admin/Downloads/Programs/ReadyLib/dev/stm/stm32f103c8t6/libopencm3/lib\libopencm3_stm32f1.a(rcc.o)
 .text.rcc_backupdomain_reset
                0x00000000       0x18 C:/Users/Admin/Downloads/Programs/ReadyLib/dev/stm/stm32f103c8t6/libopencm3/lib\libopencm3_stm32f1.a(rcc.o)
 .text.rcc_get_usart_clk_freq
                0x00000000       0x1c C:/Users/Admin/Downloads/Programs/ReadyLib/dev/stm/stm32f103c8t6/libopencm3/lib\libopencm3_stm32f1.a(rcc.o)
 .text.rcc_get_timer_clk_freq
                0x00000000       0x34 C:/Users/Admin/Downloads/Programs/ReadyLib/dev/stm/stm32f103c8t6/libopencm3/lib\libopencm3_stm32f1.a(rcc.o)
 .text.rcc_get_i2c_clk_freq
                0x00000000        0xc C:/Users/Admin/Downloads/Programs/ReadyLib/dev/stm/stm32f103c8t6/libopencm3/lib\libopencm3_stm32f1.a(rcc.o)
 .rodata.rcc_hse_configs
                0x00000000       0x8c C:/Users/Admin/Downloads/Programs/ReadyLib/dev/stm/stm32f103c8t6/libopencm3/lib\libopencm3_stm32f1.a(rcc.o)
 .rodata.rcc_hsi_configs
                0x00000000       0x54 C:/Users/Admin/Downloads/Programs/ReadyLib/dev/stm/stm32f103c8t6/libopencm3/lib\libopencm3_stm32f1.a(rcc.o)
 .debug_macro   0x00000000      0xa60 C:/Users/Admin/Downloads/Programs/ReadyLib/dev/stm/stm32f103c8t6/libopencm3/lib\libopencm3_stm32f1.a(rcc.o)
 .debug_macro   0x00000000       0x1c C:/Users/Admin/Downloads/Programs/ReadyLib/dev/stm/stm32f103c8t6/libopencm3/lib\libopencm3_stm32f1.a(rcc.o)
 .debug_macro   0x00000000       0x22 C:/Users/Admin/Downloads/Programs/ReadyLib/dev/stm/stm32f103c8t6/libopencm3/lib\libopencm3_stm32f1.a(rcc.o)
 .debug_macro   0x00000000       0x56 C:/Users/Admin/Downloads/Programs/ReadyLib/dev/stm/stm32f103c8t6/libopencm3/lib\libopencm3_stm32f1.a(rcc.o)
 .debug_macro   0x00000000       0x51 C:/Users/Admin/Downloads/Programs/ReadyLib/dev/stm/stm32f103c8t6/libopencm3/lib\libopencm3_stm32f1.a(rcc.o)
 .debug_macro   0x00000000      0x103 C:/Users/Admin/Downloads/Programs/ReadyLib/dev/stm/stm32f103c8t6/libopencm3/lib\libopencm3_stm32f1.a(rcc.o)
 .debug_macro   0x00000000       0x6a C:/Users/Admin/Downloads/Programs/ReadyLib/dev/stm/stm32f103c8t6/libopencm3/lib\libopencm3_stm32f1.a(rcc.o)
 .debug_macro   0x00000000      0x1df C:/Users/Admin/Downloads/Programs/ReadyLib/dev/stm/stm32f103c8t6/libopencm3/lib\libopencm3_stm32f1.a(rcc.o)
 .debug_macro   0x00000000       0x22 C:/Users/Admin/Downloads/Programs/ReadyLib/dev/stm/stm32f103c8t6/libopencm3/lib\libopencm3_stm32f1.a(rcc.o)
 .debug_macro   0x00000000       0xe8 C:/Users/Admin/Downloads/Programs/ReadyLib/dev/stm/stm32f103c8t6/libopencm3/lib\libopencm3_stm32f1.a(rcc.o)
 .debug_macro   0x00000000       0x76 C:/Users/Admin/Downloads/Programs/ReadyLib/dev/stm/stm32f103c8t6/libopencm3/lib\libopencm3_stm32f1.a(rcc.o)
 .debug_macro   0x00000000      0x1b4 C:/Users/Admin/Downloads/Programs/ReadyLib/dev/stm/stm32f103c8t6/libopencm3/lib\libopencm3_stm32f1.a(rcc.o)
 .group         0x00000000        0xc C:/Users/Admin/Downloads/Programs/ReadyLib/dev/stm/stm32f103c8t6/libopencm3/lib\libopencm3_stm32f1.a(rcc_common_all.o)
 .group         0x00000000        0xc C:/Users/Admin/Downloads/Programs/ReadyLib/dev/stm/stm32f103c8t6/libopencm3/lib\libopencm3_stm32f1.a(rcc_common_all.o)
 .group         0x00000000        0xc C:/Users/Admin/Downloads/Programs/ReadyLib/dev/stm/stm32f103c8t6/libopencm3/lib\libopencm3_stm32f1.a(rcc_common_all.o)
 .group         0x00000000        0xc C:/Users/Admin/Downloads/Programs/ReadyLib/dev/stm/stm32f103c8t6/libopencm3/lib\libopencm3_stm32f1.a(rcc_common_all.o)
 .group         0x00000000        0xc C:/Users/Admin/Downloads/Programs/ReadyLib/dev/stm/stm32f103c8t6/libopencm3/lib\libopencm3_stm32f1.a(rcc_common_all.o)
 .group         0x00000000        0xc C:/Users/Admin/Downloads/Programs/ReadyLib/dev/stm/stm32f103c8t6/libopencm3/lib\libopencm3_stm32f1.a(rcc_common_all.o)
 .group         0x00000000        0xc C:/Users/Admin/Downloads/Programs/ReadyLib/dev/stm/stm32f103c8t6/libopencm3/lib\libopencm3_stm32f1.a(rcc_common_all.o)
 .group         0x00000000        0xc C:/Users/Admin/Downloads/Programs/ReadyLib/dev/stm/stm32f103c8t6/libopencm3/lib\libopencm3_stm32f1.a(rcc_common_all.o)
 .group         0x00000000        0xc C:/Users/Admin/Downloads/Programs/ReadyLib/dev/stm/stm32f103c8t6/libopencm3/lib\libopencm3_stm32f1.a(rcc_common_all.o)
 .group         0x00000000        0xc C:/Users/Admin/Downloads/Programs/ReadyLib/dev/stm/stm32f103c8t6/libopencm3/lib\libopencm3_stm32f1.a(rcc_common_all.o)
 .group         0x00000000        0xc C:/Users/Admin/Downloads/Programs/ReadyLib/dev/stm/stm32f103c8t6/libopencm3/lib\libopencm3_stm32f1.a(rcc_common_all.o)
 .group         0x00000000        0xc C:/Users/Admin/Downloads/Programs/ReadyLib/dev/stm/stm32f103c8t6/libopencm3/lib\libopencm3_stm32f1.a(rcc_common_all.o)
 .group         0x00000000        0xc C:/Users/Admin/Downloads/Programs/ReadyLib/dev/stm/stm32f103c8t6/libopencm3/lib\libopencm3_stm32f1.a(rcc_common_all.o)
 .text          0x00000000        0x0 C:/Users/Admin/Downloads/Programs/ReadyLib/dev/stm/stm32f103c8t6/libopencm3/lib\libopencm3_stm32f1.a(rcc_common_all.o)
 .data          0x00000000        0x0 C:/Users/Admin/Downloads/Programs/ReadyLib/dev/stm/stm32f103c8t6/libopencm3/lib\libopencm3_stm32f1.a(rcc_common_all.o)
 .bss           0x00000000        0x0 C:/Users/Admin/Downloads/Programs/ReadyLib/dev/stm/stm32f103c8t6/libopencm3/lib\libopencm3_stm32f1.a(rcc_common_all.o)
 .text.rcc_peripheral_enable_clock
                0x00000000        0x8 C:/Users/Admin/Downloads/Programs/ReadyLib/dev/stm/stm32f103c8t6/libopencm3/lib\libopencm3_stm32f1.a(rcc_common_all.o)
 .text.rcc_peripheral_disable_clock
                0x00000000        0xa C:/Users/Admin/Downloads/Programs/ReadyLib/dev/stm/stm32f103c8t6/libopencm3/lib\libopencm3_stm32f1.a(rcc_common_all.o)
 .text.rcc_peripheral_reset
                0x00000000        0x8 C:/Users/Admin/Downloads/Programs/ReadyLib/dev/stm/stm32f103c8t6/libopencm3/lib\libopencm3_stm32f1.a(rcc_common_all.o)
 .text.rcc_peripheral_clear_reset
                0x00000000        0xa C:/Users/Admin/Downloads/Programs/ReadyLib/dev/stm/stm32f103c8t6/libopencm3/lib\libopencm3_stm32f1.a(rcc_common_all.o)
 .text.rcc_periph_clock_disable
                0x00000000       0x1e C:/Users/Admin/Downloads/Programs/ReadyLib/dev/stm/stm32f103c8t6/libopencm3/lib\libopencm3_stm32f1.a(rcc_common_all.o)
 .text.rcc_periph_reset_pulse
                0x00000000       0x24 C:/Users/Admin/Downloads/Programs/ReadyLib/dev/stm/stm32f103c8t6/libopencm3/lib\libopencm3_stm32f1.a(rcc_common_all.o)
 .text.rcc_periph_reset_hold
                0x00000000        0x4 C:/Users/Admin/Downloads/Programs/ReadyLib/dev/stm/stm32f103c8t6/libopencm3/lib\libopencm3_stm32f1.a(rcc_common_all.o)
 .text.rcc_periph_reset_release
                0x00000000        0x4 C:/Users/Admin/Downloads/Programs/ReadyLib/dev/stm/stm32f103c8t6/libopencm3/lib\libopencm3_stm32f1.a(rcc_common_all.o)
 .text.rcc_set_mco
                0x00000000       0x14 C:/Users/Admin/Downloads/Programs/ReadyLib/dev/stm/stm32f103c8t6/libopencm3/lib\libopencm3_stm32f1.a(rcc_common_all.o)
 .text.rcc_osc_bypass_enable
                0x00000000       0x28 C:/Users/Admin/Downloads/Programs/ReadyLib/dev/stm/stm32f103c8t6/libopencm3/lib\libopencm3_stm32f1.a(rcc_common_all.o)
 .text.rcc_osc_bypass_disable
                0x00000000       0x28 C:/Users/Admin/Downloads/Programs/ReadyLib/dev/stm/stm32f103c8t6/libopencm3/lib\libopencm3_stm32f1.a(rcc_common_all.o)
 .text.rcc_get_div_from_hpre
                0x00000000       0x18 C:/Users/Admin/Downloads/Programs/ReadyLib/dev/stm/stm32f103c8t6/libopencm3/lib\libopencm3_stm32f1.a(rcc_common_all.o)
 .debug_macro   0x00000000      0xa60 C:/Users/Admin/Downloads/Programs/ReadyLib/dev/stm/stm32f103c8t6/libopencm3/lib\libopencm3_stm32f1.a(rcc_common_all.o)
 .debug_macro   0x00000000       0x1c C:/Users/Admin/Downloads/Programs/ReadyLib/dev/stm/stm32f103c8t6/libopencm3/lib\libopencm3_stm32f1.a(rcc_common_all.o)
 .debug_macro   0x00000000       0x22 C:/Users/Admin/Downloads/Programs/ReadyLib/dev/stm/stm32f103c8t6/libopencm3/lib\libopencm3_stm32f1.a(rcc_common_all.o)
 .debug_macro   0x00000000       0x56 C:/Users/Admin/Downloads/Programs/ReadyLib/dev/stm/stm32f103c8t6/libopencm3/lib\libopencm3_stm32f1.a(rcc_common_all.o)
 .debug_macro   0x00000000       0x51 C:/Users/Admin/Downloads/Programs/ReadyLib/dev/stm/stm32f103c8t6/libopencm3/lib\libopencm3_stm32f1.a(rcc_common_all.o)
 .debug_macro   0x00000000      0x103 C:/Users/Admin/Downloads/Programs/ReadyLib/dev/stm/stm32f103c8t6/libopencm3/lib\libopencm3_stm32f1.a(rcc_common_all.o)
 .debug_macro   0x00000000       0x6a C:/Users/Admin/Downloads/Programs/ReadyLib/dev/stm/stm32f103c8t6/libopencm3/lib\libopencm3_stm32f1.a(rcc_common_all.o)
 .debug_macro   0x00000000      0x1df C:/Users/Admin/Downloads/Programs/ReadyLib/dev/stm/stm32f103c8t6/libopencm3/lib\libopencm3_stm32f1.a(rcc_common_all.o)
 .debug_macro   0x00000000       0x22 C:/Users/Admin/Downloads/Programs/ReadyLib/dev/stm/stm32f103c8t6/libopencm3/lib\libopencm3_stm32f1.a(rcc_common_all.o)
 .debug_macro   0x00000000       0xe8 C:/Users/Admin/Downloads/Programs/ReadyLib/dev/stm/stm32f103c8t6/libopencm3/lib\libopencm3_stm32f1.a(rcc_common_all.o)
 .debug_macro   0x00000000       0x76 C:/Users/Admin/Downloads/Programs/ReadyLib/dev/stm/stm32f103c8t6/libopencm3/lib\libopencm3_stm32f1.a(rcc_common_all.o)
 .debug_macro   0x00000000      0x1b4 C:/Users/Admin/Downloads/Programs/ReadyLib/dev/stm/stm32f103c8t6/libopencm3/lib\libopencm3_stm32f1.a(rcc_common_all.o)
 .debug_macro   0x00000000      0x8c6 C:/Users/Admin/Downloads/Programs/ReadyLib/dev/stm/stm32f103c8t6/libopencm3/lib\libopencm3_stm32f1.a(rcc_common_all.o)
 .group         0x00000000        0xc C:/Users/Admin/Downloads/Programs/ReadyLib/dev/stm/stm32f103c8t6/libopencm3/lib\libopencm3_stm32f1.a(vector.o)
 .group         0x00000000        0xc C:/Users/Admin/Downloads/Programs/ReadyLib/dev/stm/stm32f103c8t6/libopencm3/lib\libopencm3_stm32f1.a(vector.o)
 .group         0x00000000        0xc C:/Users/Admin/Downloads/Programs/ReadyLib/dev/stm/stm32f103c8t6/libopencm3/lib\libopencm3_stm32f1.a(vector.o)
 .group         0x00000000        0xc C:/Users/Admin/Downloads/Programs/ReadyLib/dev/stm/stm32f103c8t6/libopencm3/lib\libopencm3_stm32f1.a(vector.o)
 .group         0x00000000        0xc C:/Users/Admin/Downloads/Programs/ReadyLib/dev/stm/stm32f103c8t6/libopencm3/lib\libopencm3_stm32f1.a(vector.o)
 .group         0x00000000        0xc C:/Users/Admin/Downloads/Programs/ReadyLib/dev/stm/stm32f103c8t6/libopencm3/lib\libopencm3_stm32f1.a(vector.o)
 .group         0x00000000        0xc C:/Users/Admin/Downloads/Programs/ReadyLib/dev/stm/stm32f103c8t6/libopencm3/lib\libopencm3_stm32f1.a(vector.o)
 .group         0x00000000        0xc C:/Users/Admin/Downloads/Programs/ReadyLib/dev/stm/stm32f103c8t6/libopencm3/lib\libopencm3_stm32f1.a(vector.o)
 .group         0x00000000        0xc C:/Users/Admin/Downloads/Programs/ReadyLib/dev/stm/stm32f103c8t6/libopencm3/lib\libopencm3_stm32f1.a(vector.o)
 .group         0x00000000        0xc C:/Users/Admin/Downloads/Programs/ReadyLib/dev/stm/stm32f103c8t6/libopencm3/lib\libopencm3_stm32f1.a(vector.o)
 .group         0x00000000        0xc C:/Users/Admin/Downloads/Programs/ReadyLib/dev/stm/stm32f103c8t6/libopencm3/lib\libopencm3_stm32f1.a(vector.o)
 .group         0x00000000        0xc C:/Users/Admin/Downloads/Programs/ReadyLib/dev/stm/stm32f103c8t6/libopencm3/lib\libopencm3_stm32f1.a(vector.o)
 .group         0x00000000        0xc C:/Users/Admin/Downloads/Programs/ReadyLib/dev/stm/stm32f103c8t6/libopencm3/lib\libopencm3_stm32f1.a(vector.o)
 .group         0x00000000        0xc C:/Users/Admin/Downloads/Programs/ReadyLib/dev/stm/stm32f103c8t6/libopencm3/lib\libopencm3_stm32f1.a(vector.o)
 .text          0x00000000        0x0 C:/Users/Admin/Downloads/Programs/ReadyLib/dev/stm/stm32f103c8t6/libopencm3/lib\libopencm3_stm32f1.a(vector.o)
 .data          0x00000000        0x0 C:/Users/Admin/Downloads/Programs/ReadyLib/dev/stm/stm32f103c8t6/libopencm3/lib\libopencm3_stm32f1.a(vector.o)
 .bss           0x00000000        0x0 C:/Users/Admin/Downloads/Programs/ReadyLib/dev/stm/stm32f103c8t6/libopencm3/lib\libopencm3_stm32f1.a(vector.o)
 .debug_macro   0x00000000      0xa60 C:/Users/Admin/Downloads/Programs/ReadyLib/dev/stm/stm32f103c8t6/libopencm3/lib\libopencm3_stm32f1.a(vector.o)
 .debug_macro   0x00000000       0x76 C:/Users/Admin/Downloads/Programs/ReadyLib/dev/stm/stm32f103c8t6/libopencm3/lib\libopencm3_stm32f1.a(vector.o)
 .debug_macro   0x00000000       0x1c C:/Users/Admin/Downloads/Programs/ReadyLib/dev/stm/stm32f103c8t6/libopencm3/lib\libopencm3_stm32f1.a(vector.o)
 .debug_macro   0x00000000       0x22 C:/Users/Admin/Downloads/Programs/ReadyLib/dev/stm/stm32f103c8t6/libopencm3/lib\libopencm3_stm32f1.a(vector.o)
 .debug_macro   0x00000000       0x56 C:/Users/Admin/Downloads/Programs/ReadyLib/dev/stm/stm32f103c8t6/libopencm3/lib\libopencm3_stm32f1.a(vector.o)
 .debug_macro   0x00000000       0x51 C:/Users/Admin/Downloads/Programs/ReadyLib/dev/stm/stm32f103c8t6/libopencm3/lib\libopencm3_stm32f1.a(vector.o)
 .debug_macro   0x00000000      0x103 C:/Users/Admin/Downloads/Programs/ReadyLib/dev/stm/stm32f103c8t6/libopencm3/lib\libopencm3_stm32f1.a(vector.o)
 .debug_macro   0x00000000       0x6a C:/Users/Admin/Downloads/Programs/ReadyLib/dev/stm/stm32f103c8t6/libopencm3/lib\libopencm3_stm32f1.a(vector.o)
 .debug_macro   0x00000000      0x1df C:/Users/Admin/Downloads/Programs/ReadyLib/dev/stm/stm32f103c8t6/libopencm3/lib\libopencm3_stm32f1.a(vector.o)
 .debug_macro   0x00000000       0x22 C:/Users/Admin/Downloads/Programs/ReadyLib/dev/stm/stm32f103c8t6/libopencm3/lib\libopencm3_stm32f1.a(vector.o)
 .debug_macro   0x00000000       0xe8 C:/Users/Admin/Downloads/Programs/ReadyLib/dev/stm/stm32f103c8t6/libopencm3/lib\libopencm3_stm32f1.a(vector.o)
 .group         0x00000000        0xc C:/Users/Admin/Downloads/Programs/ReadyLib/dev/stm/stm32f103c8t6/libopencm3/lib\libopencm3_stm32f1.a(assert.o)
 .group         0x00000000        0xc C:/Users/Admin/Downloads/Programs/ReadyLib/dev/stm/stm32f103c8t6/libopencm3/lib\libopencm3_stm32f1.a(assert.o)
 .group         0x00000000        0xc C:/Users/Admin/Downloads/Programs/ReadyLib/dev/stm/stm32f103c8t6/libopencm3/lib\libopencm3_stm32f1.a(assert.o)
 .group         0x00000000        0xc C:/Users/Admin/Downloads/Programs/ReadyLib/dev/stm/stm32f103c8t6/libopencm3/lib\libopencm3_stm32f1.a(assert.o)
 .group         0x00000000        0xc C:/Users/Admin/Downloads/Programs/ReadyLib/dev/stm/stm32f103c8t6/libopencm3/lib\libopencm3_stm32f1.a(assert.o)
 .group         0x00000000        0xc C:/Users/Admin/Downloads/Programs/ReadyLib/dev/stm/stm32f103c8t6/libopencm3/lib\libopencm3_stm32f1.a(assert.o)
 .group         0x00000000        0xc C:/Users/Admin/Downloads/Programs/ReadyLib/dev/stm/stm32f103c8t6/libopencm3/lib\libopencm3_stm32f1.a(assert.o)
 .group         0x00000000        0xc C:/Users/Admin/Downloads/Programs/ReadyLib/dev/stm/stm32f103c8t6/libopencm3/lib\libopencm3_stm32f1.a(assert.o)
 .group         0x00000000        0xc C:/Users/Admin/Downloads/Programs/ReadyLib/dev/stm/stm32f103c8t6/libopencm3/lib\libopencm3_stm32f1.a(assert.o)
 .group         0x00000000        0xc C:/Users/Admin/Downloads/Programs/ReadyLib/dev/stm/stm32f103c8t6/libopencm3/lib\libopencm3_stm32f1.a(assert.o)
 .group         0x00000000        0xc C:/Users/Admin/Downloads/Programs/ReadyLib/dev/stm/stm32f103c8t6/libopencm3/lib\libopencm3_stm32f1.a(assert.o)
 .text          0x00000000        0x0 C:/Users/Admin/Downloads/Programs/ReadyLib/dev/stm/stm32f103c8t6/libopencm3/lib\libopencm3_stm32f1.a(assert.o)
 .data          0x00000000        0x0 C:/Users/Admin/Downloads/Programs/ReadyLib/dev/stm/stm32f103c8t6/libopencm3/lib\libopencm3_stm32f1.a(assert.o)
 .bss           0x00000000        0x0 C:/Users/Admin/Downloads/Programs/ReadyLib/dev/stm/stm32f103c8t6/libopencm3/lib\libopencm3_stm32f1.a(assert.o)
 .text.cm3_assert_failed
                0x00000000        0x2 C:/Users/Admin/Downloads/Programs/ReadyLib/dev/stm/stm32f103c8t6/libopencm3/lib\libopencm3_stm32f1.a(assert.o)
 .text.cm3_assert_failed_verbose
                0x00000000        0x6 C:/Users/Admin/Downloads/Programs/ReadyLib/dev/stm/stm32f103c8t6/libopencm3/lib\libopencm3_stm32f1.a(assert.o)
 .debug_info    0x00000000      0x104 C:/Users/Admin/Downloads/Programs/ReadyLib/dev/stm/stm32f103c8t6/libopencm3/lib\libopencm3_stm32f1.a(assert.o)
 .debug_abbrev  0x00000000       0x98 C:/Users/Admin/Downloads/Programs/ReadyLib/dev/stm/stm32f103c8t6/libopencm3/lib\libopencm3_stm32f1.a(assert.o)
 .debug_loc     0x00000000       0x94 C:/Users/Admin/Downloads/Programs/ReadyLib/dev/stm/stm32f103c8t6/libopencm3/lib\libopencm3_stm32f1.a(assert.o)
 .debug_aranges
                0x00000000       0x28 C:/Users/Admin/Downloads/Programs/ReadyLib/dev/stm/stm32f103c8t6/libopencm3/lib\libopencm3_stm32f1.a(assert.o)
 .debug_ranges  0x00000000       0x18 C:/Users/Admin/Downloads/Programs/ReadyLib/dev/stm/stm32f103c8t6/libopencm3/lib\libopencm3_stm32f1.a(assert.o)
 .debug_macro   0x00000000       0x89 C:/Users/Admin/Downloads/Programs/ReadyLib/dev/stm/stm32f103c8t6/libopencm3/lib\libopencm3_stm32f1.a(assert.o)
 .debug_macro   0x00000000      0xa60 C:/Users/Admin/Downloads/Programs/ReadyLib/dev/stm/stm32f103c8t6/libopencm3/lib\libopencm3_stm32f1.a(assert.o)
 .debug_macro   0x00000000       0x1c C:/Users/Admin/Downloads/Programs/ReadyLib/dev/stm/stm32f103c8t6/libopencm3/lib\libopencm3_stm32f1.a(assert.o)
 .debug_macro   0x00000000       0x22 C:/Users/Admin/Downloads/Programs/ReadyLib/dev/stm/stm32f103c8t6/libopencm3/lib\libopencm3_stm32f1.a(assert.o)
 .debug_macro   0x00000000       0x56 C:/Users/Admin/Downloads/Programs/ReadyLib/dev/stm/stm32f103c8t6/libopencm3/lib\libopencm3_stm32f1.a(assert.o)
 .debug_macro   0x00000000       0x51 C:/Users/Admin/Downloads/Programs/ReadyLib/dev/stm/stm32f103c8t6/libopencm3/lib\libopencm3_stm32f1.a(assert.o)
 .debug_macro   0x00000000      0x103 C:/Users/Admin/Downloads/Programs/ReadyLib/dev/stm/stm32f103c8t6/libopencm3/lib\libopencm3_stm32f1.a(assert.o)
 .debug_macro   0x00000000       0x6a C:/Users/Admin/Downloads/Programs/ReadyLib/dev/stm/stm32f103c8t6/libopencm3/lib\libopencm3_stm32f1.a(assert.o)
 .debug_macro   0x00000000      0x1df C:/Users/Admin/Downloads/Programs/ReadyLib/dev/stm/stm32f103c8t6/libopencm3/lib\libopencm3_stm32f1.a(assert.o)
 .debug_macro   0x00000000       0x22 C:/Users/Admin/Downloads/Programs/ReadyLib/dev/stm/stm32f103c8t6/libopencm3/lib\libopencm3_stm32f1.a(assert.o)
 .debug_macro   0x00000000       0xe8 C:/Users/Admin/Downloads/Programs/ReadyLib/dev/stm/stm32f103c8t6/libopencm3/lib\libopencm3_stm32f1.a(assert.o)
 .debug_macro   0x00000000       0x16 C:/Users/Admin/Downloads/Programs/ReadyLib/dev/stm/stm32f103c8t6/libopencm3/lib\libopencm3_stm32f1.a(assert.o)
 .debug_line    0x00000000      0x2ec C:/Users/Admin/Downloads/Programs/ReadyLib/dev/stm/stm32f103c8t6/libopencm3/lib\libopencm3_stm32f1.a(assert.o)
 .debug_str     0x00000000     0x3ffb C:/Users/Admin/Downloads/Programs/ReadyLib/dev/stm/stm32f103c8t6/libopencm3/lib\libopencm3_stm32f1.a(assert.o)
 .comment       0x00000000       0x4e C:/Users/Admin/Downloads/Programs/ReadyLib/dev/stm/stm32f103c8t6/libopencm3/lib\libopencm3_stm32f1.a(assert.o)
 .debug_frame   0x00000000       0x38 C:/Users/Admin/Downloads/Programs/ReadyLib/dev/stm/stm32f103c8t6/libopencm3/lib\libopencm3_stm32f1.a(assert.o)
 .ARM.attributes
                0x00000000       0x2d C:/Users/Admin/Downloads/Programs/ReadyLib/dev/stm/stm32f103c8t6/libopencm3/lib\libopencm3_stm32f1.a(assert.o)
 .group         0x00000000        0xc C:/Users/Admin/Downloads/Programs/ReadyLib/dev/stm/stm32f103c8t6/libopencm3/lib\libopencm3_stm32f1.a(flash_common_all.o)
 .group         0x00000000        0xc C:/Users/Admin/Downloads/Programs/ReadyLib/dev/stm/stm32f103c8t6/libopencm3/lib\libopencm3_stm32f1.a(flash_common_all.o)
 .group         0x00000000        0xc C:/Users/Admin/Downloads/Programs/ReadyLib/dev/stm/stm32f103c8t6/libopencm3/lib\libopencm3_stm32f1.a(flash_common_all.o)
 .group         0x00000000        0xc C:/Users/Admin/Downloads/Programs/ReadyLib/dev/stm/stm32f103c8t6/libopencm3/lib\libopencm3_stm32f1.a(flash_common_all.o)
 .group         0x00000000        0xc C:/Users/Admin/Downloads/Programs/ReadyLib/dev/stm/stm32f103c8t6/libopencm3/lib\libopencm3_stm32f1.a(flash_common_all.o)
 .group         0x00000000        0xc C:/Users/Admin/Downloads/Programs/ReadyLib/dev/stm/stm32f103c8t6/libopencm3/lib\libopencm3_stm32f1.a(flash_common_all.o)
 .group         0x00000000        0xc C:/Users/Admin/Downloads/Programs/ReadyLib/dev/stm/stm32f103c8t6/libopencm3/lib\libopencm3_stm32f1.a(flash_common_all.o)
 .group         0x00000000        0xc C:/Users/Admin/Downloads/Programs/ReadyLib/dev/stm/stm32f103c8t6/libopencm3/lib\libopencm3_stm32f1.a(flash_common_all.o)
 .group         0x00000000        0xc C:/Users/Admin/Downloads/Programs/ReadyLib/dev/stm/stm32f103c8t6/libopencm3/lib\libopencm3_stm32f1.a(flash_common_all.o)
 .group         0x00000000        0xc C:/Users/Admin/Downloads/Programs/ReadyLib/dev/stm/stm32f103c8t6/libopencm3/lib\libopencm3_stm32f1.a(flash_common_all.o)
 .group         0x00000000        0xc C:/Users/Admin/Downloads/Programs/ReadyLib/dev/stm/stm32f103c8t6/libopencm3/lib\libopencm3_stm32f1.a(flash_common_all.o)
 .group         0x00000000        0xc C:/Users/Admin/Downloads/Programs/ReadyLib/dev/stm/stm32f103c8t6/libopencm3/lib\libopencm3_stm32f1.a(flash_common_all.o)
 .group         0x00000000        0xc C:/Users/Admin/Downloads/Programs/ReadyLib/dev/stm/stm32f103c8t6/libopencm3/lib\libopencm3_stm32f1.a(flash_common_all.o)
 .group         0x00000000        0xc C:/Users/Admin/Downloads/Programs/ReadyLib/dev/stm/stm32f103c8t6/libopencm3/lib\libopencm3_stm32f1.a(flash_common_all.o)
 .text          0x00000000        0x0 C:/Users/Admin/Downloads/Programs/ReadyLib/dev/stm/stm32f103c8t6/libopencm3/lib\libopencm3_stm32f1.a(flash_common_all.o)
 .data          0x00000000        0x0 C:/Users/Admin/Downloads/Programs/ReadyLib/dev/stm/stm32f103c8t6/libopencm3/lib\libopencm3_stm32f1.a(flash_common_all.o)
 .bss           0x00000000        0x0 C:/Users/Admin/Downloads/Programs/ReadyLib/dev/stm/stm32f103c8t6/libopencm3/lib\libopencm3_stm32f1.a(flash_common_all.o)
 .text.flash_prefetch_enable
                0x00000000       0x10 C:/Users/Admin/Downloads/Programs/ReadyLib/dev/stm/stm32f103c8t6/libopencm3/lib\libopencm3_stm32f1.a(flash_common_all.o)
 .text.flash_prefetch_disable
                0x00000000       0x10 C:/Users/Admin/Downloads/Programs/ReadyLib/dev/stm/stm32f103c8t6/libopencm3/lib\libopencm3_stm32f1.a(flash_common_all.o)
 .text.flash_unlock_option_bytes
                0x00000000       0x18 C:/Users/Admin/Downloads/Programs/ReadyLib/dev/stm/stm32f103c8t6/libopencm3/lib\libopencm3_stm32f1.a(flash_common_all.o)
 .debug_macro   0x00000000      0xa60 C:/Users/Admin/Downloads/Programs/ReadyLib/dev/stm/stm32f103c8t6/libopencm3/lib\libopencm3_stm32f1.a(flash_common_all.o)
 .debug_macro   0x00000000       0x1c C:/Users/Admin/Downloads/Programs/ReadyLib/dev/stm/stm32f103c8t6/libopencm3/lib\libopencm3_stm32f1.a(flash_common_all.o)
 .debug_macro   0x00000000       0x22 C:/Users/Admin/Downloads/Programs/ReadyLib/dev/stm/stm32f103c8t6/libopencm3/lib\libopencm3_stm32f1.a(flash_common_all.o)
 .debug_macro   0x00000000       0x56 C:/Users/Admin/Downloads/Programs/ReadyLib/dev/stm/stm32f103c8t6/libopencm3/lib\libopencm3_stm32f1.a(flash_common_all.o)
 .debug_macro   0x00000000       0x51 C:/Users/Admin/Downloads/Programs/ReadyLib/dev/stm/stm32f103c8t6/libopencm3/lib\libopencm3_stm32f1.a(flash_common_all.o)
 .debug_macro   0x00000000      0x103 C:/Users/Admin/Downloads/Programs/ReadyLib/dev/stm/stm32f103c8t6/libopencm3/lib\libopencm3_stm32f1.a(flash_common_all.o)
 .debug_macro   0x00000000       0x6a C:/Users/Admin/Downloads/Programs/ReadyLib/dev/stm/stm32f103c8t6/libopencm3/lib\libopencm3_stm32f1.a(flash_common_all.o)
 .debug_macro   0x00000000      0x1df C:/Users/Admin/Downloads/Programs/ReadyLib/dev/stm/stm32f103c8t6/libopencm3/lib\libopencm3_stm32f1.a(flash_common_all.o)
 .debug_macro   0x00000000       0x22 C:/Users/Admin/Downloads/Programs/ReadyLib/dev/stm/stm32f103c8t6/libopencm3/lib\libopencm3_stm32f1.a(flash_common_all.o)
 .debug_macro   0x00000000       0xe8 C:/Users/Admin/Downloads/Programs/ReadyLib/dev/stm/stm32f103c8t6/libopencm3/lib\libopencm3_stm32f1.a(flash_common_all.o)
 .debug_macro   0x00000000       0x76 C:/Users/Admin/Downloads/Programs/ReadyLib/dev/stm/stm32f103c8t6/libopencm3/lib\libopencm3_stm32f1.a(flash_common_all.o)
 .debug_macro   0x00000000      0x1b4 C:/Users/Admin/Downloads/Programs/ReadyLib/dev/stm/stm32f103c8t6/libopencm3/lib\libopencm3_stm32f1.a(flash_common_all.o)
 .debug_macro   0x00000000       0xee C:/Users/Admin/Downloads/Programs/ReadyLib/dev/stm/stm32f103c8t6/libopencm3/lib\libopencm3_stm32f1.a(flash_common_all.o)
 .debug_macro   0x00000000       0x82 C:/Users/Admin/Downloads/Programs/ReadyLib/dev/stm/stm32f103c8t6/libopencm3/lib\libopencm3_stm32f1.a(flash_common_all.o)

Memory Configuration

Name             Origin             Length             Attributes
rom              0x08000000         0x00010000         xr
ram              0x20000000         0x00005000         xrw
*default*        0x00000000         0xffffffff

Linker script and memory map

LOAD main.o
LOAD rtos/heap_4.o
LOAD rtos/list.o
LOAD rtos/port.o
LOAD rtos/queue.o
LOAD rtos/tasks.o
LOAD rtos/opencm3.o
LOAD C:/Users/Admin/Downloads/Programs/ReadySTM/app/code/readyapp/src/manager/GMiniBlink.o
LOAD C:/Users/Admin/Downloads/Programs/ReadySTM/app/code/readyapp/src/manager/GProcess.o
START GROUP
LOAD c:/users/admin/downloads/programs/readylib/dev/arm/gcc-arm-none-eabi-10-2020-q4-major/bin/../lib/gcc/arm-none-eabi/10.2.1/../../../../arm-none-eabi/lib/thumb/v7-m/nofp\libc.a
LOAD c:/users/admin/downloads/programs/readylib/dev/arm/gcc-arm-none-eabi-10-2020-q4-major/bin/../lib/gcc/arm-none-eabi/10.2.1/thumb/v7-m/nofp\libgcc.a
LOAD c:/users/admin/downloads/programs/readylib/dev/arm/gcc-arm-none-eabi-10-2020-q4-major/bin/../lib/gcc/arm-none-eabi/10.2.1/../../../../arm-none-eabi/lib/thumb/v7-m/nofp\libnosys.a
END GROUP
LOAD C:/Users/Admin/Downloads/Programs/ReadyLib/dev/stm/stm32f103c8t6/rtos/libwwg\libwwg.a
LOAD C:/Users/Admin/Downloads/Programs/ReadyLib/dev/stm/stm32f103c8t6/libopencm3/lib\libopencm3_stm32f1.a
START GROUP
LOAD c:/users/admin/downloads/programs/readylib/dev/arm/gcc-arm-none-eabi-10-2020-q4-major/bin/../lib/gcc/arm-none-eabi/10.2.1/thumb/v7-m/nofp\libgcc.a
LOAD c:/users/admin/downloads/programs/readylib/dev/arm/gcc-arm-none-eabi-10-2020-q4-major/bin/../lib/gcc/arm-none-eabi/10.2.1/../../../../arm-none-eabi/lib/thumb/v7-m/nofp\libc.a
END GROUP
START GROUP
LOAD c:/users/admin/downloads/programs/readylib/dev/arm/gcc-arm-none-eabi-10-2020-q4-major/bin/../lib/gcc/arm-none-eabi/10.2.1/thumb/v7-m/nofp\libgcc.a
LOAD c:/users/admin/downloads/programs/readylib/dev/arm/gcc-arm-none-eabi-10-2020-q4-major/bin/../lib/gcc/arm-none-eabi/10.2.1/../../../../arm-none-eabi/lib/thumb/v7-m/nofp\libc.a
LOAD c:/users/admin/downloads/programs/readylib/dev/arm/gcc-arm-none-eabi-10-2020-q4-major/bin/../lib/gcc/arm-none-eabi/10.2.1/../../../../arm-none-eabi/lib/thumb/v7-m/nofp\libnosys.a
END GROUP

.text           0x08000000      0xd48
 *(.vectors)
 .vectors       0x08000000      0x150 C:/Users/Admin/Downloads/Programs/ReadyLib/dev/stm/stm32f103c8t6/libopencm3/lib\libopencm3_stm32f1.a(vector.o)
                0x08000000                vector_table
 *(.text*)
 .text.startup.main
                0x08000150        0xe main.o
                0x08000150                main
 *fill*         0x0800015e        0x2 
 .text.prvInsertBlockIntoFreeList
                0x08000160       0x48 rtos/heap_4.o
 .text.pvPortMalloc
                0x080001a8       0xec rtos/heap_4.o
                0x080001a8                pvPortMalloc
 .text.vPortFree
                0x08000294       0x4c rtos/heap_4.o
                0x08000294                vPortFree
 .text.vListInitialise
                0x080002e0       0x16 rtos/list.o
                0x080002e0                vListInitialise
 .text.vListInitialiseItem
                0x080002f6        0x6 rtos/list.o
                0x080002f6                vListInitialiseItem
 .text.vListInsertEnd
                0x080002fc       0x18 rtos/list.o
                0x080002fc                vListInsertEnd
 .text.uxListRemove
                0x08000314       0x20 rtos/list.o
                0x08000314                uxListRemove
 .text.prvTaskExitError
                0x08000334       0x20 rtos/port.o
 .text.prvPortStartFirstTask
                0x08000354       0x20 rtos/port.o
 .text.pxPortInitialiseStack
                0x08000374       0x24 rtos/port.o
                0x08000374                pxPortInitialiseStack
 *fill*         0x08000398        0x8 
 .text.vPortSVCHandler
                0x080003a0       0x24 rtos/port.o
                0x080003a0                vPortSVCHandler
 .text.vPortEnterCritical
                0x080003c4       0x20 rtos/port.o
                0x080003c4                vPortEnterCritical
 .text.vPortExitCritical
                0x080003e4       0x14 rtos/port.o
                0x080003e4                vPortExitCritical
 *fill*         0x080003f8        0x8 
 .text.xPortPendSVHandler
                0x08000400       0x44 rtos/port.o
                0x08000400                xPortPendSVHandler
 .text.xPortSysTickHandler
                0x08000444       0x2c rtos/port.o
                0x08000444                xPortSysTickHandler
 .text.vPortSetupTimerInterrupt
                0x08000470       0x16 rtos/port.o
                0x08000470                vPortSetupTimerInterrupt
 *fill*         0x08000486        0x2 
 .text.xPortStartScheduler
                0x08000488       0x3c rtos/port.o
                0x08000488                xPortStartScheduler
 .text.prvResetNextTaskUnblockTime
                0x080004c4       0x24 rtos/tasks.o
 .text.prvIdleTask
                0x080004e8       0x68 rtos/tasks.o
 .text.xTaskCreate
                0x08000550      0x198 rtos/tasks.o
                0x08000550                xTaskCreate
 .text.vTaskStartScheduler
                0x080006e8       0x60 rtos/tasks.o
                0x080006e8                vTaskStartScheduler
 .text.vTaskSuspendAll
                0x08000748       0x10 rtos/tasks.o
                0x08000748                vTaskSuspendAll
 .text.xTaskIncrementTick
                0x08000758      0x10c rtos/tasks.o
                0x08000758                xTaskIncrementTick
 .text.xTaskResumeAll
                0x08000864       0xd8 rtos/tasks.o
                0x08000864                xTaskResumeAll
 .text.vTaskSwitchContext
                0x0800093c       0x60 rtos/tasks.o
                0x0800093c                vTaskSwitchContext
 .text.sv_call_handler
                0x0800099c        0x4 rtos/opencm3.o
                0x0800099c                sv_call_handler
 .text.pend_sv_handler
                0x080009a0        0x4 rtos/opencm3.o
                0x080009a0                pend_sv_handler
 .text.sys_tick_handler
                0x080009a4        0x4 rtos/opencm3.o
                0x080009a4                sys_tick_handler
 .text.GMiniBlink_Init
                0x080009a8       0x24 C:/Users/Admin/Downloads/Programs/ReadySTM/app/code/readyapp/src/manager/GMiniBlink.o
                0x080009a8                GMiniBlink_Init
 .text.GMiniBlink_Update
                0x080009cc       0x20 C:/Users/Admin/Downloads/Programs/ReadySTM/app/code/readyapp/src/manager/GMiniBlink.o
                0x080009cc                GMiniBlink_Update
 .text.GProcess_Run
                0x080009ec       0x28 C:/Users/Admin/Downloads/Programs/ReadySTM/app/code/readyapp/src/manager/GProcess.o
                0x080009ec                GProcess_Run
 .text.gpio_set_mode
                0x08000a14       0x5e C:/Users/Admin/Downloads/Programs/ReadyLib/dev/stm/stm32f103c8t6/libopencm3/lib\libopencm3_stm32f1.a(gpio.o)
                0x08000a14                gpio_set_mode
 .text.gpio_toggle
                0x08000a72       0x12 C:/Users/Admin/Downloads/Programs/ReadyLib/dev/stm/stm32f103c8t6/libopencm3/lib\libopencm3_stm32f1.a(gpio_common_all.o)
                0x08000a72                gpio_toggle
 .text.rcc_is_osc_ready
                0x08000a84       0x58 C:/Users/Admin/Downloads/Programs/ReadyLib/dev/stm/stm32f103c8t6/libopencm3/lib\libopencm3_stm32f1.a(rcc.o)
                0x08000a84                rcc_is_osc_ready
 .text.rcc_wait_for_osc_ready
                0x08000adc       0x10 C:/Users/Admin/Downloads/Programs/ReadyLib/dev/stm/stm32f103c8t6/libopencm3/lib\libopencm3_stm32f1.a(rcc.o)
                0x08000adc                rcc_wait_for_osc_ready
 .text.rcc_osc_on
                0x08000aec       0x60 C:/Users/Admin/Downloads/Programs/ReadyLib/dev/stm/stm32f103c8t6/libopencm3/lib\libopencm3_stm32f1.a(rcc.o)
                0x08000aec                rcc_osc_on
 .text.rcc_set_sysclk_source
                0x08000b4c       0x14 C:/Users/Admin/Downloads/Programs/ReadyLib/dev/stm/stm32f103c8t6/libopencm3/lib\libopencm3_stm32f1.a(rcc.o)
                0x08000b4c                rcc_set_sysclk_source
 .text.rcc_set_pll_multiplication_factor
                0x08000b60       0x14 C:/Users/Admin/Downloads/Programs/ReadyLib/dev/stm/stm32f103c8t6/libopencm3/lib\libopencm3_stm32f1.a(rcc.o)
                0x08000b60                rcc_set_pll_multiplication_factor
 .text.rcc_set_pll_source
                0x08000b74       0x14 C:/Users/Admin/Downloads/Programs/ReadyLib/dev/stm/stm32f103c8t6/libopencm3/lib\libopencm3_stm32f1.a(rcc.o)
                0x08000b74                rcc_set_pll_source
 .text.rcc_set_pllxtpre
                0x08000b88       0x14 C:/Users/Admin/Downloads/Programs/ReadyLib/dev/stm/stm32f103c8t6/libopencm3/lib\libopencm3_stm32f1.a(rcc.o)
                0x08000b88                rcc_set_pllxtpre
 .text.rcc_set_adcpre
                0x08000b9c       0x14 C:/Users/Admin/Downloads/Programs/ReadyLib/dev/stm/stm32f103c8t6/libopencm3/lib\libopencm3_stm32f1.a(rcc.o)
                0x08000b9c                rcc_set_adcpre
 .text.rcc_set_ppre2
                0x08000bb0       0x14 C:/Users/Admin/Downloads/Programs/ReadyLib/dev/stm/stm32f103c8t6/libopencm3/lib\libopencm3_stm32f1.a(rcc.o)
                0x08000bb0                rcc_set_ppre2
 .text.rcc_set_ppre1
                0x08000bc4       0x14 C:/Users/Admin/Downloads/Programs/ReadyLib/dev/stm/stm32f103c8t6/libopencm3/lib\libopencm3_stm32f1.a(rcc.o)
                0x08000bc4                rcc_set_ppre1
 .text.rcc_set_hpre
                0x08000bd8       0x14 C:/Users/Admin/Downloads/Programs/ReadyLib/dev/stm/stm32f103c8t6/libopencm3/lib\libopencm3_stm32f1.a(rcc.o)
                0x08000bd8                rcc_set_hpre
 .text.rcc_clock_setup_in_hse_8mhz_out_72mhz
                0x08000bec       0x88 C:/Users/Admin/Downloads/Programs/ReadyLib/dev/stm/stm32f103c8t6/libopencm3/lib\libopencm3_stm32f1.a(rcc.o)
                0x08000bec                rcc_clock_setup_in_hse_8mhz_out_72mhz
 .text.rcc_periph_clock_enable
                0x08000c74       0x1c C:/Users/Admin/Downloads/Programs/ReadyLib/dev/stm/stm32f103c8t6/libopencm3/lib\libopencm3_stm32f1.a(rcc_common_all.o)
                0x08000c74                rcc_periph_clock_enable
 .text.blocking_handler
                0x08000c90        0x2 C:/Users/Admin/Downloads/Programs/ReadyLib/dev/stm/stm32f103c8t6/libopencm3/lib\libopencm3_stm32f1.a(vector.o)
                0x08000c90                usart3_isr
                0x08000c90                rtc_isr
                0x08000c90                tim7_isr
                0x08000c90                adc1_2_isr
                0x08000c90                tim1_trg_com_isr
                0x08000c90                usb_hp_can_tx_isr
                0x08000c90                tim6_isr
                0x08000c90                usb_wakeup_isr
                0x08000c90                blocking_handler
                0x08000c90                tim5_isr
                0x08000c90                otg_fs_isr
                0x08000c90                spi1_isr
                0x08000c90                exti2_isr
                0x08000c90                dma1_channel6_isr
                0x08000c90                can_rx1_isr
                0x08000c90                dma1_channel5_isr
                0x08000c90                dma2_channel5_isr
                0x08000c90                usart1_isr
                0x08000c90                usage_fault_handler
                0x08000c90                tim8_trg_com_isr
                0x08000c90                can2_rx0_isr
                0x08000c90                tim1_brk_isr
                0x08000c90                can2_rx1_isr
                0x08000c90                tim1_cc_isr
                0x08000c90                sdio_isr
                0x08000c90                eth_isr
                0x08000c90                dma1_channel4_isr
                0x08000c90                tim8_brk_isr
                0x08000c90                dma2_channel4_5_isr
                0x08000c90                pvd_isr
                0x08000c90                rcc_isr
                0x08000c90                flash_isr
                0x08000c90                uart4_isr
                0x08000c90                rtc_alarm_isr
                0x08000c90                exti15_10_isr
                0x08000c90                hard_fault_handler
                0x08000c90                exti1_isr
                0x08000c90                i2c1_ev_isr
                0x08000c90                dma2_channel1_isr
                0x08000c90                spi2_isr
                0x08000c90                tim8_up_isr
                0x08000c90                dma2_channel2_isr
                0x08000c90                exti3_isr
                0x08000c90                adc3_isr
                0x08000c90                tim3_isr
                0x08000c90                usart2_isr
                0x08000c90                usb_lp_can_rx0_isr
                0x08000c90                i2c2_er_isr
                0x08000c90                i2c2_ev_isr
                0x08000c90                uart5_isr
                0x08000c90                fsmc_isr
                0x08000c90                dma1_channel1_isr
                0x08000c90                exti4_isr
                0x08000c90                mem_manage_handler
                0x08000c90                can2_tx_isr
                0x08000c90                exti9_5_isr
                0x08000c90                dma2_channel3_isr
                0x08000c90                dma1_channel7_isr
                0x08000c90                tim1_up_isr
                0x08000c90                can2_sce_isr
                0x08000c90                tim4_isr
                0x08000c90                dma1_channel2_isr
                0x08000c90                i2c1_er_isr
                0x08000c90                can_sce_isr
                0x08000c90                tim8_cc_isr
                0x08000c90                tamper_isr
                0x08000c90                eth_wkup_isr
                0x08000c90                bus_fault_handler
                0x08000c90                wwdg_isr
                0x08000c90                dma1_channel3_isr
                0x08000c90                spi3_isr
                0x08000c90                tim2_isr
                0x08000c90                exti0_isr
 .text.null_handler
                0x08000c92        0x2 C:/Users/Admin/Downloads/Programs/ReadyLib/dev/stm/stm32f103c8t6/libopencm3/lib\libopencm3_stm32f1.a(vector.o)
                0x08000c92                debug_monitor_handler
                0x08000c92                nmi_handler
                0x08000c92                null_handler
 .text.reset_handler
                0x08000c94       0x94 C:/Users/Admin/Downloads/Programs/ReadyLib/dev/stm/stm32f103c8t6/libopencm3/lib\libopencm3_stm32f1.a(vector.o)
                0x08000c94                reset_handler
 .text.flash_set_ws
                0x08000d28       0x14 C:/Users/Admin/Downloads/Programs/ReadyLib/dev/stm/stm32f103c8t6/libopencm3/lib\libopencm3_stm32f1.a(flash_common_all.o)
                0x08000d28                flash_set_ws
                0x08000d3c                . = ALIGN (0x4)
 *(.rodata*)
 .rodata.vTaskStartScheduler.str1.1
                0x08000d3c        0x5 rtos/tasks.o
 .rodata.GProcess_Run.str1.1
                0x08000d41        0x4 C:/Users/Admin/Downloads/Programs/ReadySTM/app/code/readyapp/src/manager/GProcess.o
                0x08000d48                . = ALIGN (0x4)
 *fill*         0x08000d45        0x3 

.glue_7         0x08000d48        0x0
 .glue_7        0x08000d48        0x0 linker stubs

.glue_7t        0x08000d48        0x0
 .glue_7t       0x08000d48        0x0 linker stubs

.vfp11_veneer   0x08000d48        0x0
 .vfp11_veneer  0x08000d48        0x0 linker stubs

.v4_bx          0x08000d48        0x0
 .v4_bx         0x08000d48        0x0 linker stubs

.iplt           0x08000d48        0x0
 .iplt          0x08000d48        0x0 main.o

.rel.dyn        0x08000d48        0x0
 .rel.iplt      0x08000d48        0x0 main.o

.preinit_array  0x08000d48        0x0
                0x08000d48                . = ALIGN (0x4)
                0x08000d48                __preinit_array_start = .
 *(.preinit_array)
                0x08000d48                __preinit_array_end = .

.init_array     0x08000d48        0x0
                0x08000d48                . = ALIGN (0x4)
                0x08000d48                __init_array_start = .
 *(SORT_BY_NAME(.init_array.*))
 *(.init_array)
                0x08000d48                __init_array_end = .

.fini_array     0x08000d48        0x0
                0x08000d48                . = ALIGN (0x4)
                0x08000d48                __fini_array_start = .
 *(.fini_array)
 *(SORT_BY_NAME(.fini_array.*))
                0x08000d48                __fini_array_end = .

.ARM.extab
 *(.ARM.extab*)

.ARM.exidx      0x08000d48        0x0
                0x08000d48                __exidx_start = .
 *(.ARM.exidx*)
                0x08000d48                __exidx_end = .
                0x08000d48                . = ALIGN (0x4)
                0x08000d48                _etext = .

.data           0x20000000       0x10 load address 0x08000d48
                0x20000000                _data = .
 *(.data*)
 .data.uxCriticalNesting
                0x20000000        0x4 rtos/port.o
 .data.rcc_ahb_frequency
                0x20000004        0x4 C:/Users/Admin/Downloads/Programs/ReadyLib/dev/stm/stm32f103c8t6/libopencm3/lib\libopencm3_stm32f1.a(rcc.o)
                0x20000004                rcc_ahb_frequency
 .data.rcc_apb1_frequency
                0x20000008        0x4 C:/Users/Admin/Downloads/Programs/ReadyLib/dev/stm/stm32f103c8t6/libopencm3/lib\libopencm3_stm32f1.a(rcc.o)
                0x20000008                rcc_apb1_frequency
 .data.rcc_apb2_frequency
                0x2000000c        0x4 C:/Users/Admin/Downloads/Programs/ReadyLib/dev/stm/stm32f103c8t6/libopencm3/lib\libopencm3_stm32f1.a(rcc.o)
                0x2000000c                rcc_apb2_frequency
                0x20000010                . = ALIGN (0x4)
                0x20000010                _edata = .
                0x08000d48                _data_loadaddr = LOADADDR (.data)

.igot.plt       0x20000010        0x0 load address 0x08000d58
 .igot.plt      0x20000010        0x0 main.o

.bss            0x20000010     0x451c load address 0x08000d58
 *(.bss*)
 .bss.pxEnd     0x20000010        0x4 rtos/heap_4.o
 .bss.ucHeap    0x20000014     0x4400 rtos/heap_4.o
 .bss.xBlockAllocatedBit
                0x20004414        0x4 rtos/heap_4.o
 .bss.xFreeBytesRemaining
                0x20004418        0x4 rtos/heap_4.o
 .bss.xMinimumEverFreeBytesRemaining
                0x2000441c        0x4 rtos/heap_4.o
 .bss.xStart    0x20004420        0x8 rtos/heap_4.o
 .bss.pxCurrentTCB
                0x20004428        0x4 rtos/tasks.o
                0x20004428                pxCurrentTCB
 .bss.pxDelayedTaskList
                0x2000442c        0x4 rtos/tasks.o
 .bss.pxOverflowDelayedTaskList
                0x20004430        0x4 rtos/tasks.o
 .bss.pxReadyTasksLists
                0x20004434       0x64 rtos/tasks.o
 .bss.uxCurrentNumberOfTasks
                0x20004498        0x4 rtos/tasks.o
 .bss.uxDeletedTasksWaitingCleanUp
                0x2000449c        0x4 rtos/tasks.o
 .bss.uxPendedTicks
                0x200044a0        0x4 rtos/tasks.o
 .bss.uxSchedulerSuspended
                0x200044a4        0x4 rtos/tasks.o
 .bss.uxTaskNumber
                0x200044a8        0x4 rtos/tasks.o
 .bss.uxTopReadyPriority
                0x200044ac        0x4 rtos/tasks.o
 .bss.xDelayedTaskList1
                0x200044b0       0x14 rtos/tasks.o
 .bss.xDelayedTaskList2
                0x200044c4       0x14 rtos/tasks.o
 .bss.xIdleTaskHandle
                0x200044d8        0x4 rtos/tasks.o
 .bss.xNextTaskUnblockTime
                0x200044dc        0x4 rtos/tasks.o
 .bss.xNumOfOverflows
                0x200044e0        0x4 rtos/tasks.o
 .bss.xPendingReadyList
                0x200044e4       0x14 rtos/tasks.o
 .bss.xSchedulerRunning
                0x200044f8        0x4 rtos/tasks.o
 .bss.xSuspendedTaskList
                0x200044fc       0x14 rtos/tasks.o
 .bss.xTasksWaitingTermination
                0x20004510       0x14 rtos/tasks.o
 .bss.xTickCount
                0x20004524        0x4 rtos/tasks.o
 .bss.xYieldPending
                0x20004528        0x4 rtos/tasks.o
 *(COMMON)
                0x2000452c                . = ALIGN (0x4)
                0x2000452c                _ebss = .

/DISCARD/
 *(.eh_frame)
                0x2000452c                . = ALIGN (0x4)
                0x2000452c                end = .
                0x20005000                PROVIDE (_stack = (ORIGIN (ram) + LENGTH (ram)))
OUTPUT(rd_stm3.elf elf32-littlearm)
LOAD linker stubs

.debug_info     0x00000000     0x56c3
 .debug_info    0x00000000      0x13b main.o
 .debug_info    0x0000013b      0x40b rtos/heap_4.o
 .debug_info    0x00000546      0x2d3 rtos/list.o
 .debug_info    0x00000819      0x34f rtos/port.o
 .debug_info    0x00000b68     0x2236 rtos/tasks.o
 .debug_info    0x00002d9e       0xf7 rtos/opencm3.o
 .debug_info    0x00002e95      0x2fe C:/Users/Admin/Downloads/Programs/ReadySTM/app/code/readyapp/src/manager/GMiniBlink.o
 .debug_info    0x00003193      0x136 C:/Users/Admin/Downloads/Programs/ReadySTM/app/code/readyapp/src/manager/GProcess.o
 .debug_info    0x000032c9      0x210 C:/Users/Admin/Downloads/Programs/ReadyLib/dev/stm/stm32f103c8t6/libopencm3/lib\libopencm3_stm32f1.a(gpio.o)
 .debug_info    0x000034d9      0x266 C:/Users/Admin/Downloads/Programs/ReadyLib/dev/stm/stm32f103c8t6/libopencm3/lib\libopencm3_stm32f1.a(gpio_common_all.o)
 .debug_info    0x0000373f     0x1574 C:/Users/Admin/Downloads/Programs/ReadyLib/dev/stm/stm32f103c8t6/libopencm3/lib\libopencm3_stm32f1.a(rcc.o)
 .debug_info    0x00004cb3      0x63d C:/Users/Admin/Downloads/Programs/ReadyLib/dev/stm/stm32f103c8t6/libopencm3/lib\libopencm3_stm32f1.a(rcc_common_all.o)
 .debug_info    0x000052f0      0x2dd C:/Users/Admin/Downloads/Programs/ReadyLib/dev/stm/stm32f103c8t6/libopencm3/lib\libopencm3_stm32f1.a(vector.o)
 .debug_info    0x000055cd       0xf6 C:/Users/Admin/Downloads/Programs/ReadyLib/dev/stm/stm32f103c8t6/libopencm3/lib\libopencm3_stm32f1.a(flash_common_all.o)

.debug_abbrev   0x00000000     0x147b
 .debug_abbrev  0x00000000       0xff main.o
 .debug_abbrev  0x000000ff      0x23a rtos/heap_4.o
 .debug_abbrev  0x00000339      0x106 rtos/list.o
 .debug_abbrev  0x0000043f      0x217 rtos/port.o
 .debug_abbrev  0x00000656      0x414 rtos/tasks.o
 .debug_abbrev  0x00000a6a       0x67 rtos/opencm3.o
 .debug_abbrev  0x00000ad1       0xf6 C:/Users/Admin/Downloads/Programs/ReadySTM/app/code/readyapp/src/manager/GMiniBlink.o
 .debug_abbrev  0x00000bc7       0xf4 C:/Users/Admin/Downloads/Programs/ReadySTM/app/code/readyapp/src/manager/GProcess.o
 .debug_abbrev  0x00000cbb       0xd0 C:/Users/Admin/Downloads/Programs/ReadyLib/dev/stm/stm32f103c8t6/libopencm3/lib\libopencm3_stm32f1.a(gpio.o)
 .debug_abbrev  0x00000d8b      0x116 C:/Users/Admin/Downloads/Programs/ReadyLib/dev/stm/stm32f103c8t6/libopencm3/lib\libopencm3_stm32f1.a(gpio_common_all.o)
 .debug_abbrev  0x00000ea1      0x282 C:/Users/Admin/Downloads/Programs/ReadyLib/dev/stm/stm32f103c8t6/libopencm3/lib\libopencm3_stm32f1.a(rcc.o)
 .debug_abbrev  0x00001123      0x17c C:/Users/Admin/Downloads/Programs/ReadyLib/dev/stm/stm32f103c8t6/libopencm3/lib\libopencm3_stm32f1.a(rcc_common_all.o)
 .debug_abbrev  0x0000129f      0x145 C:/Users/Admin/Downloads/Programs/ReadyLib/dev/stm/stm32f103c8t6/libopencm3/lib\libopencm3_stm32f1.a(vector.o)
 .debug_abbrev  0x000013e4       0x97 C:/Users/Admin/Downloads/Programs/ReadyLib/dev/stm/stm32f103c8t6/libopencm3/lib\libopencm3_stm32f1.a(flash_common_all.o)

.debug_loc      0x00000000     0x2693
 .debug_loc     0x00000000       0x2a main.o
 .debug_loc     0x0000002a      0x361 rtos/heap_4.o
 .debug_loc     0x0000038b       0xaf rtos/list.o
 .debug_loc     0x0000043a       0xbe rtos/port.o
 .debug_loc     0x000004f8     0x1951 rtos/tasks.o
 .debug_loc     0x00001e49       0x7a C:/Users/Admin/Downloads/Programs/ReadySTM/app/code/readyapp/src/manager/GMiniBlink.o
 .debug_loc     0x00001ec3       0x25 C:/Users/Admin/Downloads/Programs/ReadySTM/app/code/readyapp/src/manager/GProcess.o
 .debug_loc     0x00001ee8      0x14c C:/Users/Admin/Downloads/Programs/ReadyLib/dev/stm/stm32f103c8t6/libopencm3/lib\libopencm3_stm32f1.a(gpio.o)
 .debug_loc     0x00002034       0xbe C:/Users/Admin/Downloads/Programs/ReadyLib/dev/stm/stm32f103c8t6/libopencm3/lib\libopencm3_stm32f1.a(gpio_common_all.o)
 .debug_loc     0x000020f2      0x3d0 C:/Users/Admin/Downloads/Programs/ReadyLib/dev/stm/stm32f103c8t6/libopencm3/lib\libopencm3_stm32f1.a(rcc.o)
 .debug_loc     0x000024c2       0x94 C:/Users/Admin/Downloads/Programs/ReadyLib/dev/stm/stm32f103c8t6/libopencm3/lib\libopencm3_stm32f1.a(rcc_common_all.o)
 .debug_loc     0x00002556      0x128 C:/Users/Admin/Downloads/Programs/ReadyLib/dev/stm/stm32f103c8t6/libopencm3/lib\libopencm3_stm32f1.a(vector.o)
 .debug_loc     0x0000267e       0x15 C:/Users/Admin/Downloads/Programs/ReadyLib/dev/stm/stm32f103c8t6/libopencm3/lib\libopencm3_stm32f1.a(flash_common_all.o)

.debug_aranges  0x00000000      0x5c0
 .debug_aranges
                0x00000000       0x28 main.o
 .debug_aranges
                0x00000028       0x48 rtos/heap_4.o
 .debug_aranges
                0x00000070       0x40 rtos/list.o
 .debug_aranges
                0x000000b0       0x70 rtos/port.o
 .debug_aranges
                0x00000120      0x168 rtos/tasks.o
 .debug_aranges
                0x00000288       0x30 rtos/opencm3.o
 .debug_aranges
                0x000002b8       0x28 C:/Users/Admin/Downloads/Programs/ReadySTM/app/code/readyapp/src/manager/GMiniBlink.o
 .debug_aranges
                0x000002e0       0x20 C:/Users/Admin/Downloads/Programs/ReadySTM/app/code/readyapp/src/manager/GProcess.o
 .debug_aranges
                0x00000300       0x38 C:/Users/Admin/Downloads/Programs/ReadyLib/dev/stm/stm32f103c8t6/libopencm3/lib\libopencm3_stm32f1.a(gpio.o)
 .debug_aranges
                0x00000338       0x50 C:/Users/Admin/Downloads/Programs/ReadyLib/dev/stm/stm32f103c8t6/libopencm3/lib\libopencm3_stm32f1.a(gpio_common_all.o)
 .debug_aranges
                0x00000388      0x170 C:/Users/Admin/Downloads/Programs/ReadyLib/dev/stm/stm32f103c8t6/libopencm3/lib\libopencm3_stm32f1.a(rcc.o)
 .debug_aranges
                0x000004f8       0x60 C:/Users/Admin/Downloads/Programs/ReadyLib/dev/stm/stm32f103c8t6/libopencm3/lib\libopencm3_stm32f1.a(rcc_common_all.o)
 .debug_aranges
                0x00000558       0x30 C:/Users/Admin/Downloads/Programs/ReadyLib/dev/stm/stm32f103c8t6/libopencm3/lib\libopencm3_stm32f1.a(vector.o)
 .debug_aranges
                0x00000588       0x38 C:/Users/Admin/Downloads/Programs/ReadyLib/dev/stm/stm32f103c8t6/libopencm3/lib\libopencm3_stm32f1.a(flash_common_all.o)

.debug_ranges   0x00000000      0x718
 .debug_ranges  0x00000000       0x18 main.o
 .debug_ranges  0x00000018       0x38 rtos/heap_4.o
 .debug_ranges  0x00000050       0x30 rtos/list.o
 .debug_ranges  0x00000080       0x78 rtos/port.o
 .debug_ranges  0x000000f8      0x2d0 rtos/tasks.o
 .debug_ranges  0x000003c8       0x20 rtos/opencm3.o
 .debug_ranges  0x000003e8       0x18 C:/Users/Admin/Downloads/Programs/ReadySTM/app/code/readyapp/src/manager/GMiniBlink.o
 .debug_ranges  0x00000400       0x10 C:/Users/Admin/Downloads/Programs/ReadySTM/app/code/readyapp/src/manager/GProcess.o
 .debug_ranges  0x00000410       0x28 C:/Users/Admin/Downloads/Programs/ReadyLib/dev/stm/stm32f103c8t6/libopencm3/lib\libopencm3_stm32f1.a(gpio.o)
 .debug_ranges  0x00000438       0x40 C:/Users/Admin/Downloads/Programs/ReadyLib/dev/stm/stm32f103c8t6/libopencm3/lib\libopencm3_stm32f1.a(gpio_common_all.o)
 .debug_ranges  0x00000478      0x208 C:/Users/Admin/Downloads/Programs/ReadyLib/dev/stm/stm32f103c8t6/libopencm3/lib\libopencm3_stm32f1.a(rcc.o)
 .debug_ranges  0x00000680       0x50 C:/Users/Admin/Downloads/Programs/ReadyLib/dev/stm/stm32f103c8t6/libopencm3/lib\libopencm3_stm32f1.a(rcc_common_all.o)
 .debug_ranges  0x000006d0       0x20 C:/Users/Admin/Downloads/Programs/ReadyLib/dev/stm/stm32f103c8t6/libopencm3/lib\libopencm3_stm32f1.a(vector.o)
 .debug_ranges  0x000006f0       0x28 C:/Users/Admin/Downloads/Programs/ReadyLib/dev/stm/stm32f103c8t6/libopencm3/lib\libopencm3_stm32f1.a(flash_common_all.o)

.debug_line     0x00000000     0x4eff
 .debug_line    0x00000000       0xef main.o
 .debug_line    0x000000ef      0x500 rtos/heap_4.o
 .debug_line    0x000005ef      0x2ee rtos/list.o
 .debug_line    0x000008dd      0x3bc rtos/port.o
 .debug_line    0x00000c99     0x19e0 rtos/tasks.o
 .debug_line    0x00002679       0x6b rtos/opencm3.o
 .debug_line    0x000026e4      0x1f3 C:/Users/Admin/Downloads/Programs/ReadySTM/app/code/readyapp/src/manager/GMiniBlink.o
 .debug_line    0x000028d7      0x114 C:/Users/Admin/Downloads/Programs/ReadySTM/app/code/readyapp/src/manager/GProcess.o
 .debug_line    0x000029eb      0x46f C:/Users/Admin/Downloads/Programs/ReadyLib/dev/stm/stm32f103c8t6/libopencm3/lib\libopencm3_stm32f1.a(gpio.o)
 .debug_line    0x00002e5a      0x479 C:/Users/Admin/Downloads/Programs/ReadyLib/dev/stm/stm32f103c8t6/libopencm3/lib\libopencm3_stm32f1.a(gpio_common_all.o)
 .debug_line    0x000032d3      0xe26 C:/Users/Admin/Downloads/Programs/ReadyLib/dev/stm/stm32f103c8t6/libopencm3/lib\libopencm3_stm32f1.a(rcc.o)
 .debug_line    0x000040f9      0x4d8 C:/Users/Admin/Downloads/Programs/ReadyLib/dev/stm/stm32f103c8t6/libopencm3/lib\libopencm3_stm32f1.a(rcc_common_all.o)
 .debug_line    0x000045d1      0x504 C:/Users/Admin/Downloads/Programs/ReadyLib/dev/stm/stm32f103c8t6/libopencm3/lib\libopencm3_stm32f1.a(vector.o)
 .debug_line    0x00004ad5      0x42a C:/Users/Admin/Downloads/Programs/ReadyLib/dev/stm/stm32f103c8t6/libopencm3/lib\libopencm3_stm32f1.a(flash_common_all.o)

.debug_str      0x00000000     0xf491
 .debug_str     0x00000000      0x165 main.o
                                0x1fe (size before relaxing)
 .debug_str     0x00000165      0x1fc rtos/heap_4.o
                                0x37d (size before relaxing)
 .debug_str     0x00000361      0x140 rtos/list.o
                                0x2d8 (size before relaxing)
 .debug_str     0x000004a1      0x19e rtos/port.o
                                0x34d (size before relaxing)
 .debug_str     0x0000063f      0xa2c rtos/tasks.o
                                0xe6e (size before relaxing)
 .debug_str     0x0000106b       0x40 rtos/opencm3.o
                                0x1f0 (size before relaxing)
 .debug_str     0x000010ab      0x30b C:/Users/Admin/Downloads/Programs/ReadySTM/app/code/readyapp/src/manager/GMiniBlink.o
                                0x484 (size before relaxing)
 .debug_str     0x000013b6       0x68 C:/Users/Admin/Downloads/Programs/ReadySTM/app/code/readyapp/src/manager/GProcess.o
                                0x22f (size before relaxing)
 .debug_str     0x0000141e     0x8322 C:/Users/Admin/Downloads/Programs/ReadyLib/dev/stm/stm32f103c8t6/libopencm3/lib\libopencm3_stm32f1.a(gpio.o)
                               0x84ca (size before relaxing)
 .debug_str     0x00009740       0x74 C:/Users/Admin/Downloads/Programs/ReadyLib/dev/stm/stm32f103c8t6/libopencm3/lib\libopencm3_stm32f1.a(gpio_common_all.o)
                               0x84be (size before relaxing)
 .debug_str     0x000097b4     0x3475 C:/Users/Admin/Downloads/Programs/ReadyLib/dev/stm/stm32f103c8t6/libopencm3/lib\libopencm3_stm32f1.a(rcc.o)
                               0x81b2 (size before relaxing)
 .debug_str     0x0000cc29      0x379 C:/Users/Admin/Downloads/Programs/ReadyLib/dev/stm/stm32f103c8t6/libopencm3/lib\libopencm3_stm32f1.a(rcc_common_all.o)
                               0x78c0 (size before relaxing)
 .debug_str     0x0000cfa2     0x248b C:/Users/Admin/Downloads/Programs/ReadyLib/dev/stm/stm32f103c8t6/libopencm3/lib\libopencm3_stm32f1.a(vector.o)
                               0x6593 (size before relaxing)
 .debug_str     0x0000f42d       0x64 C:/Users/Admin/Downloads/Programs/ReadyLib/dev/stm/stm32f103c8t6/libopencm3/lib\libopencm3_stm32f1.a(flash_common_all.o)
                               0x5496 (size before relaxing)

.comment        0x00000000       0x4d
 .comment       0x00000000       0x4d main.o
                                 0x4e (size before relaxing)
 .comment       0x0000004d       0x4e rtos/heap_4.o
 .comment       0x0000004d       0x4e rtos/list.o
 .comment       0x0000004d       0x4e rtos/port.o
 .comment       0x0000004d       0x4e rtos/tasks.o
 .comment       0x0000004d       0x4e rtos/opencm3.o
 .comment       0x0000004d       0x4e C:/Users/Admin/Downloads/Programs/ReadySTM/app/code/readyapp/src/manager/GMiniBlink.o
 .comment       0x0000004d       0x4e C:/Users/Admin/Downloads/Programs/ReadySTM/app/code/readyapp/src/manager/GProcess.o
 .comment       0x0000004d       0x4e C:/Users/Admin/Downloads/Programs/ReadyLib/dev/stm/stm32f103c8t6/libopencm3/lib\libopencm3_stm32f1.a(gpio.o)
 .comment       0x0000004d       0x4e C:/Users/Admin/Downloads/Programs/ReadyLib/dev/stm/stm32f103c8t6/libopencm3/lib\libopencm3_stm32f1.a(gpio_common_all.o)
 .comment       0x0000004d       0x4e C:/Users/Admin/Downloads/Programs/ReadyLib/dev/stm/stm32f103c8t6/libopencm3/lib\libopencm3_stm32f1.a(rcc.o)
 .comment       0x0000004d       0x4e C:/Users/Admin/Downloads/Programs/ReadyLib/dev/stm/stm32f103c8t6/libopencm3/lib\libopencm3_stm32f1.a(rcc_common_all.o)
 .comment       0x0000004d       0x4e C:/Users/Admin/Downloads/Programs/ReadyLib/dev/stm/stm32f103c8t6/libopencm3/lib\libopencm3_stm32f1.a(vector.o)
 .comment       0x0000004d       0x4e C:/Users/Admin/Downloads/Programs/ReadyLib/dev/stm/stm32f103c8t6/libopencm3/lib\libopencm3_stm32f1.a(flash_common_all.o)

.ARM.attributes
                0x00000000       0x2b
 .ARM.attributes
                0x00000000       0x2d main.o
 .ARM.attributes
                0x0000002d       0x2d rtos/heap_4.o
 .ARM.attributes
                0x0000005a       0x2d rtos/list.o
 .ARM.attributes
                0x00000087       0x2d rtos/port.o
 .ARM.attributes
                0x000000b4       0x2d rtos/tasks.o
 .ARM.attributes
                0x000000e1       0x2d rtos/opencm3.o
 .ARM.attributes
                0x0000010e       0x2d C:/Users/Admin/Downloads/Programs/ReadySTM/app/code/readyapp/src/manager/GMiniBlink.o
 .ARM.attributes
                0x0000013b       0x2d C:/Users/Admin/Downloads/Programs/ReadySTM/app/code/readyapp/src/manager/GProcess.o
 .ARM.attributes
                0x00000168       0x2d C:/Users/Admin/Downloads/Programs/ReadyLib/dev/stm/stm32f103c8t6/libopencm3/lib\libopencm3_stm32f1.a(gpio.o)
 .ARM.attributes
                0x00000195       0x2d C:/Users/Admin/Downloads/Programs/ReadyLib/dev/stm/stm32f103c8t6/libopencm3/lib\libopencm3_stm32f1.a(gpio_common_all.o)
 .ARM.attributes
                0x000001c2       0x2d C:/Users/Admin/Downloads/Programs/ReadyLib/dev/stm/stm32f103c8t6/libopencm3/lib\libopencm3_stm32f1.a(rcc.o)
 .ARM.attributes
                0x000001ef       0x2d C:/Users/Admin/Downloads/Programs/ReadyLib/dev/stm/stm32f103c8t6/libopencm3/lib\libopencm3_stm32f1.a(rcc_common_all.o)
 .ARM.attributes
                0x0000021c       0x2d C:/Users/Admin/Downloads/Programs/ReadyLib/dev/stm/stm32f103c8t6/libopencm3/lib\libopencm3_stm32f1.a(vector.o)
 .ARM.attributes
                0x00000249       0x2d C:/Users/Admin/Downloads/Programs/ReadyLib/dev/stm/stm32f103c8t6/libopencm3/lib\libopencm3_stm32f1.a(flash_common_all.o)

.debug_frame    0x00000000      0xcf0
 .debug_frame   0x00000000       0x38 main.o
 .debug_frame   0x00000038       0x98 rtos/heap_4.o
 .debug_frame   0x000000d0       0x6c rtos/list.o
 .debug_frame   0x0000013c       0xd8 rtos/port.o
 .debug_frame   0x00000214      0x4b8 rtos/tasks.o
 .debug_frame   0x000006cc       0x40 rtos/opencm3.o
 .debug_frame   0x0000070c       0x44 C:/Users/Admin/Downloads/Programs/ReadySTM/app/code/readyapp/src/manager/GMiniBlink.o
 .debug_frame   0x00000750       0x2c C:/Users/Admin/Downloads/Programs/ReadySTM/app/code/readyapp/src/manager/GProcess.o
 .debug_frame   0x0000077c       0x60 C:/Users/Admin/Downloads/Programs/ReadyLib/dev/stm/stm32f103c8t6/libopencm3/lib\libopencm3_stm32f1.a(gpio.o)
 .debug_frame   0x000007dc       0x80 C:/Users/Admin/Downloads/Programs/ReadyLib/dev/stm/stm32f103c8t6/libopencm3/lib\libopencm3_stm32f1.a(gpio_common_all.o)
 .debug_frame   0x0000085c      0x318 C:/Users/Admin/Downloads/Programs/ReadyLib/dev/stm/stm32f103c8t6/libopencm3/lib\libopencm3_stm32f1.a(rcc.o)
 .debug_frame   0x00000b74       0xe0 C:/Users/Admin/Downloads/Programs/ReadyLib/dev/stm/stm32f103c8t6/libopencm3/lib\libopencm3_stm32f1.a(rcc_common_all.o)
 .debug_frame   0x00000c54       0x4c C:/Users/Admin/Downloads/Programs/ReadyLib/dev/stm/stm32f103c8t6/libopencm3/lib\libopencm3_stm32f1.a(vector.o)
 .debug_frame   0x00000ca0       0x50 C:/Users/Admin/Downloads/Programs/ReadyLib/dev/stm/stm32f103c8t6/libopencm3/lib\libopencm3_stm32f1.a(flash_common_all.o)

.debug_macro    0x00000000     0x34e4
 .debug_macro   0x00000000       0xb8 C:/Users/Admin/Downloads/Programs/ReadyLib/dev/stm/stm32f103c8t6/libopencm3/lib\libopencm3_stm32f1.a(gpio.o)
 .debug_macro   0x000000b8      0xa60 C:/Users/Admin/Downloads/Programs/ReadyLib/dev/stm/stm32f103c8t6/libopencm3/lib\libopencm3_stm32f1.a(gpio.o)
 .debug_macro   0x00000b18       0x1c C:/Users/Admin/Downloads/Programs/ReadyLib/dev/stm/stm32f103c8t6/libopencm3/lib\libopencm3_stm32f1.a(gpio.o)
 .debug_macro   0x00000b34       0x22 C:/Users/Admin/Downloads/Programs/ReadyLib/dev/stm/stm32f103c8t6/libopencm3/lib\libopencm3_stm32f1.a(gpio.o)
 .debug_macro   0x00000b56       0x56 C:/Users/Admin/Downloads/Programs/ReadyLib/dev/stm/stm32f103c8t6/libopencm3/lib\libopencm3_stm32f1.a(gpio.o)
 .debug_macro   0x00000bac       0x51 C:/Users/Admin/Downloads/Programs/ReadyLib/dev/stm/stm32f103c8t6/libopencm3/lib\libopencm3_stm32f1.a(gpio.o)
 .debug_macro   0x00000bfd      0x103 C:/Users/Admin/Downloads/Programs/ReadyLib/dev/stm/stm32f103c8t6/libopencm3/lib\libopencm3_stm32f1.a(gpio.o)
 .debug_macro   0x00000d00       0x6a C:/Users/Admin/Downloads/Programs/ReadyLib/dev/stm/stm32f103c8t6/libopencm3/lib\libopencm3_stm32f1.a(gpio.o)
 .debug_macro   0x00000d6a      0x1df C:/Users/Admin/Downloads/Programs/ReadyLib/dev/stm/stm32f103c8t6/libopencm3/lib\libopencm3_stm32f1.a(gpio.o)
 .debug_macro   0x00000f49       0x22 C:/Users/Admin/Downloads/Programs/ReadyLib/dev/stm/stm32f103c8t6/libopencm3/lib\libopencm3_stm32f1.a(gpio.o)
 .debug_macro   0x00000f6b       0xe8 C:/Users/Admin/Downloads/Programs/ReadyLib/dev/stm/stm32f103c8t6/libopencm3/lib\libopencm3_stm32f1.a(gpio.o)
 .debug_macro   0x00001053       0x76 C:/Users/Admin/Downloads/Programs/ReadyLib/dev/stm/stm32f103c8t6/libopencm3/lib\libopencm3_stm32f1.a(gpio.o)
 .debug_macro   0x000010c9      0x1b4 C:/Users/Admin/Downloads/Programs/ReadyLib/dev/stm/stm32f103c8t6/libopencm3/lib\libopencm3_stm32f1.a(gpio.o)
 .debug_macro   0x0000127d       0x76 C:/Users/Admin/Downloads/Programs/ReadyLib/dev/stm/stm32f103c8t6/libopencm3/lib\libopencm3_stm32f1.a(gpio.o)
 .debug_macro   0x000012f3      0xe04 C:/Users/Admin/Downloads/Programs/ReadyLib/dev/stm/stm32f103c8t6/libopencm3/lib\libopencm3_stm32f1.a(gpio.o)
 .debug_macro   0x000020f7       0xb8 C:/Users/Admin/Downloads/Programs/ReadyLib/dev/stm/stm32f103c8t6/libopencm3/lib\libopencm3_stm32f1.a(gpio_common_all.o)
 .debug_macro   0x000021af       0xe7 C:/Users/Admin/Downloads/Programs/ReadyLib/dev/stm/stm32f103c8t6/libopencm3/lib\libopencm3_stm32f1.a(rcc.o)
 .debug_macro   0x00002296       0x16 C:/Users/Admin/Downloads/Programs/ReadyLib/dev/stm/stm32f103c8t6/libopencm3/lib\libopencm3_stm32f1.a(rcc.o)
 .debug_macro   0x000022ac      0x8c6 C:/Users/Admin/Downloads/Programs/ReadyLib/dev/stm/stm32f103c8t6/libopencm3/lib\libopencm3_stm32f1.a(rcc.o)
 .debug_macro   0x00002b72       0xee C:/Users/Admin/Downloads/Programs/ReadyLib/dev/stm/stm32f103c8t6/libopencm3/lib\libopencm3_stm32f1.a(rcc.o)
 .debug_macro   0x00002c60       0x82 C:/Users/Admin/Downloads/Programs/ReadyLib/dev/stm/stm32f103c8t6/libopencm3/lib\libopencm3_stm32f1.a(rcc.o)
 .debug_macro   0x00002ce2       0xce C:/Users/Admin/Downloads/Programs/ReadyLib/dev/stm/stm32f103c8t6/libopencm3/lib\libopencm3_stm32f1.a(rcc_common_all.o)
 .debug_macro   0x00002db0       0xcf C:/Users/Admin/Downloads/Programs/ReadyLib/dev/stm/stm32f103c8t6/libopencm3/lib\libopencm3_stm32f1.a(vector.o)
 .debug_macro   0x00002e7f      0x395 C:/Users/Admin/Downloads/Programs/ReadyLib/dev/stm/stm32f103c8t6/libopencm3/lib\libopencm3_stm32f1.a(vector.o)
 .debug_macro   0x00003214       0x6e C:/Users/Admin/Downloads/Programs/ReadyLib/dev/stm/stm32f103c8t6/libopencm3/lib\libopencm3_stm32f1.a(vector.o)
 .debug_macro   0x00003282      0x1a2 C:/Users/Admin/Downloads/Programs/ReadyLib/dev/stm/stm32f103c8t6/libopencm3/lib\libopencm3_stm32f1.a(vector.o)
 .debug_macro   0x00003424       0xc0 C:/Users/Admin/Downloads/Programs/ReadyLib/dev/stm/stm32f103c8t6/libopencm3/lib\libopencm3_stm32f1.a(flash_common_all.o)
